// Jest Snapshot v1, https://goo.gl/fbAQLP

exports[`TextInput  renders as expected 1`] = `
ShallowWrapper {
  Symbol(enzyme.__root__): [Circular],
  Symbol(enzyme.__unrendered__): <LinksUploadInput
    buttonLabel="Select"
    componentStateKey="inputs"
    label="Level-Up Links"
    links={Array []}
    name="links"
    parent={
        Object {
            "setState": [Function],
            "state": Object {},
          }
    }
/>,
  Symbol(enzyme.__renderer__): Object {
    "batchedUpdates": [Function],
    "checkPropTypes": [Function],
    "getNode": [Function],
    "render": [Function],
    "simulateError": [Function],
    "simulateEvent": [Function],
    "unmount": [Function],
  },
  Symbol(enzyme.__node__): Object {
    "instance": null,
    "key": undefined,
    "nodeType": "host",
    "props": Object {
      "children": Array [
        <label
          htmlFor="links"
>
          Level-Up Links
</label>,
        <div />,
        <button
          data-target="#add-links-modal"
          data-toggle="modal"
          type="button"
>
          Select
</button>,
        <div
          aria-hidden="true"
          aria-labelledby="#addLinksModal"
          className="modal fade links-upload"
          id="add-links-modal"
          roled="dialog"
>
          <div
                    className="modal-dialog modal-dialog-scrollable modal-dialog-centered"
                    role="document"
          >
                    <div
                              className="modal-content"
                    >
                              <div
                                        className="modal-header"
                              >
                                        <h1>
                                                  Add Relevant links
                                        </h1>
                              </div>
                              <div
                                        className="modal-body"
                              >
                                        <AddProjectLinksForm
                                                  addNewProjectLink={[Function]}
                                                  projectLinks={
                                                            Array [
                                                                      "",
                                                                      "",
                                                                      "",
                                                                      "",
                                                                      "",
                                                                    ]
                                                  }
                                                  textInputChange={[Function]}
                                                  tooltipMessage="Add New Link"
                                        />
                              </div>
                              <div
                                        className="modal-footer"
                              >
                                        <button
                                                  className="btn done-btn"
                                                  data-dismiss="modal"
                                                  label="Cancel"
                                                  onClick={[Function]}
                                                  type="button"
                                        >
                                                  Cancel
                                        </button>
                                        <button
                                                  className="btn done-btn"
                                                  data-dismiss="modal"
                                                  label="Done"
                                                  onClick={[Function]}
                                                  type="button"
                                        >
                                                  Done
                                        </button>
                              </div>
                    </div>
          </div>
</div>,
      ],
      "className": "upload-input mb-4",
    },
    "ref": null,
    "rendered": Array [
      Object {
        "instance": null,
        "key": undefined,
        "nodeType": "host",
        "props": Object {
          "children": "Level-Up Links",
          "htmlFor": "links",
        },
        "ref": null,
        "rendered": "Level-Up Links",
        "type": "label",
      },
      Object {
        "instance": null,
        "key": undefined,
        "nodeType": "host",
        "props": Object {},
        "ref": null,
        "rendered": null,
        "type": "div",
      },
      Object {
        "instance": null,
        "key": undefined,
        "nodeType": "host",
        "props": Object {
          "children": "Select",
          "data-target": "#add-links-modal",
          "data-toggle": "modal",
          "type": "button",
        },
        "ref": null,
        "rendered": "Select",
        "type": "button",
      },
      Object {
        "instance": null,
        "key": undefined,
        "nodeType": "host",
        "props": Object {
          "aria-hidden": "true",
          "aria-labelledby": "#addLinksModal",
          "children": <div
            className="modal-dialog modal-dialog-scrollable modal-dialog-centered"
            role="document"
>
            <div
                        className="modal-content"
            >
                        <div
                                    className="modal-header"
                        >
                                    <h1>
                                                Add Relevant links
                                    </h1>
                        </div>
                        <div
                                    className="modal-body"
                        >
                                    <AddProjectLinksForm
                                                addNewProjectLink={[Function]}
                                                projectLinks={
                                                            Array [
                                                                        "",
                                                                        "",
                                                                        "",
                                                                        "",
                                                                        "",
                                                                      ]
                                                }
                                                textInputChange={[Function]}
                                                tooltipMessage="Add New Link"
                                    />
                        </div>
                        <div
                                    className="modal-footer"
                        >
                                    <button
                                                className="btn done-btn"
                                                data-dismiss="modal"
                                                label="Cancel"
                                                onClick={[Function]}
                                                type="button"
                                    >
                                                Cancel
                                    </button>
                                    <button
                                                className="btn done-btn"
                                                data-dismiss="modal"
                                                label="Done"
                                                onClick={[Function]}
                                                type="button"
                                    >
                                                Done
                                    </button>
                        </div>
            </div>
</div>,
          "className": "modal fade links-upload",
          "id": "add-links-modal",
          "roled": "dialog",
        },
        "ref": null,
        "rendered": Object {
          "instance": null,
          "key": undefined,
          "nodeType": "host",
          "props": Object {
            "children": <div
              className="modal-content"
>
              <div
                            className="modal-header"
              >
                            <h1>
                                          Add Relevant links
                            </h1>
              </div>
              <div
                            className="modal-body"
              >
                            <AddProjectLinksForm
                                          addNewProjectLink={[Function]}
                                          projectLinks={
                                                        Array [
                                                                      "",
                                                                      "",
                                                                      "",
                                                                      "",
                                                                      "",
                                                                    ]
                                          }
                                          textInputChange={[Function]}
                                          tooltipMessage="Add New Link"
                            />
              </div>
              <div
                            className="modal-footer"
              >
                            <button
                                          className="btn done-btn"
                                          data-dismiss="modal"
                                          label="Cancel"
                                          onClick={[Function]}
                                          type="button"
                            >
                                          Cancel
                            </button>
                            <button
                                          className="btn done-btn"
                                          data-dismiss="modal"
                                          label="Done"
                                          onClick={[Function]}
                                          type="button"
                            >
                                          Done
                            </button>
              </div>
</div>,
            "className": "modal-dialog modal-dialog-scrollable modal-dialog-centered",
            "role": "document",
          },
          "ref": null,
          "rendered": Object {
            "instance": null,
            "key": undefined,
            "nodeType": "host",
            "props": Object {
              "children": Array [
                <div
                  className="modal-header"
>
                  <h1>
                                    Add Relevant links
                  </h1>
</div>,
                <div
                  className="modal-body"
>
                  <AddProjectLinksForm
                                    addNewProjectLink={[Function]}
                                    projectLinks={
                                                      Array [
                                                                        "",
                                                                        "",
                                                                        "",
                                                                        "",
                                                                        "",
                                                                      ]
                                    }
                                    textInputChange={[Function]}
                                    tooltipMessage="Add New Link"
                  />
</div>,
                <div
                  className="modal-footer"
>
                  <button
                                    className="btn done-btn"
                                    data-dismiss="modal"
                                    label="Cancel"
                                    onClick={[Function]}
                                    type="button"
                  >
                                    Cancel
                  </button>
                  <button
                                    className="btn done-btn"
                                    data-dismiss="modal"
                                    label="Done"
                                    onClick={[Function]}
                                    type="button"
                  >
                                    Done
                  </button>
</div>,
              ],
              "className": "modal-content",
            },
            "ref": null,
            "rendered": Array [
              Object {
                "instance": null,
                "key": undefined,
                "nodeType": "host",
                "props": Object {
                  "children": <h1>
                    Add Relevant links
</h1>,
                  "className": "modal-header",
                },
                "ref": null,
                "rendered": Object {
                  "instance": null,
                  "key": undefined,
                  "nodeType": "host",
                  "props": Object {
                    "children": "Add Relevant links",
                  },
                  "ref": null,
                  "rendered": "Add Relevant links",
                  "type": "h1",
                },
                "type": "div",
              },
              Object {
                "instance": null,
                "key": undefined,
                "nodeType": "host",
                "props": Object {
                  "children": <AddProjectLinksForm
                    addNewProjectLink={[Function]}
                    projectLinks={
                                        Array [
                                                            "",
                                                            "",
                                                            "",
                                                            "",
                                                            "",
                                                          ]
                    }
                    textInputChange={[Function]}
                    tooltipMessage="Add New Link"
/>,
                  "className": "modal-body",
                },
                "ref": null,
                "rendered": Object {
                  "instance": null,
                  "key": undefined,
                  "nodeType": "function",
                  "props": Object {
                    "addNewProjectLink": [Function],
                    "projectLinks": Array [
                      "",
                      "",
                      "",
                      "",
                      "",
                    ],
                    "textInputChange": [Function],
                    "tooltipMessage": "Add New Link",
                  },
                  "ref": null,
                  "rendered": null,
                  "type": [Function],
                },
                "type": "div",
              },
              Object {
                "instance": null,
                "key": undefined,
                "nodeType": "host",
                "props": Object {
                  "children": Array [
                    <button
                      className="btn done-btn"
                      data-dismiss="modal"
                      label="Cancel"
                      onClick={[Function]}
                      type="button"
>
                      Cancel
</button>,
                    <button
                      className="btn done-btn"
                      data-dismiss="modal"
                      label="Done"
                      onClick={[Function]}
                      type="button"
>
                      Done
</button>,
                  ],
                  "className": "modal-footer",
                },
                "ref": null,
                "rendered": Array [
                  Object {
                    "instance": null,
                    "key": undefined,
                    "nodeType": "host",
                    "props": Object {
                      "children": "Cancel",
                      "className": "btn done-btn",
                      "data-dismiss": "modal",
                      "label": "Cancel",
                      "onClick": [Function],
                      "type": "button",
                    },
                    "ref": null,
                    "rendered": "Cancel",
                    "type": "button",
                  },
                  Object {
                    "instance": null,
                    "key": undefined,
                    "nodeType": "host",
                    "props": Object {
                      "children": "Done",
                      "className": "btn done-btn",
                      "data-dismiss": "modal",
                      "label": "Done",
                      "onClick": [Function],
                      "type": "button",
                    },
                    "ref": null,
                    "rendered": "Done",
                    "type": "button",
                  },
                ],
                "type": "div",
              },
            ],
            "type": "div",
          },
          "type": "div",
        },
        "type": "div",
      },
    ],
    "type": "div",
  },
  Symbol(enzyme.__nodes__): Array [
    Object {
      "instance": null,
      "key": undefined,
      "nodeType": "host",
      "props": Object {
        "children": Array [
          <label
            htmlFor="links"
>
            Level-Up Links
</label>,
          <div />,
          <button
            data-target="#add-links-modal"
            data-toggle="modal"
            type="button"
>
            Select
</button>,
          <div
            aria-hidden="true"
            aria-labelledby="#addLinksModal"
            className="modal fade links-upload"
            id="add-links-modal"
            roled="dialog"
>
            <div
                        className="modal-dialog modal-dialog-scrollable modal-dialog-centered"
                        role="document"
            >
                        <div
                                    className="modal-content"
                        >
                                    <div
                                                className="modal-header"
                                    >
                                                <h1>
                                                            Add Relevant links
                                                </h1>
                                    </div>
                                    <div
                                                className="modal-body"
                                    >
                                                <AddProjectLinksForm
                                                            addNewProjectLink={[Function]}
                                                            projectLinks={
                                                                        Array [
                                                                                    "",
                                                                                    "",
                                                                                    "",
                                                                                    "",
                                                                                    "",
                                                                                  ]
                                                            }
                                                            textInputChange={[Function]}
                                                            tooltipMessage="Add New Link"
                                                />
                                    </div>
                                    <div
                                                className="modal-footer"
                                    >
                                                <button
                                                            className="btn done-btn"
                                                            data-dismiss="modal"
                                                            label="Cancel"
                                                            onClick={[Function]}
                                                            type="button"
                                                >
                                                            Cancel
                                                </button>
                                                <button
                                                            className="btn done-btn"
                                                            data-dismiss="modal"
                                                            label="Done"
                                                            onClick={[Function]}
                                                            type="button"
                                                >
                                                            Done
                                                </button>
                                    </div>
                        </div>
            </div>
</div>,
        ],
        "className": "upload-input mb-4",
      },
      "ref": null,
      "rendered": Array [
        Object {
          "instance": null,
          "key": undefined,
          "nodeType": "host",
          "props": Object {
            "children": "Level-Up Links",
            "htmlFor": "links",
          },
          "ref": null,
          "rendered": "Level-Up Links",
          "type": "label",
        },
        Object {
          "instance": null,
          "key": undefined,
          "nodeType": "host",
          "props": Object {},
          "ref": null,
          "rendered": null,
          "type": "div",
        },
        Object {
          "instance": null,
          "key": undefined,
          "nodeType": "host",
          "props": Object {
            "children": "Select",
            "data-target": "#add-links-modal",
            "data-toggle": "modal",
            "type": "button",
          },
          "ref": null,
          "rendered": "Select",
          "type": "button",
        },
        Object {
          "instance": null,
          "key": undefined,
          "nodeType": "host",
          "props": Object {
            "aria-hidden": "true",
            "aria-labelledby": "#addLinksModal",
            "children": <div
              className="modal-dialog modal-dialog-scrollable modal-dialog-centered"
              role="document"
>
              <div
                            className="modal-content"
              >
                            <div
                                          className="modal-header"
                            >
                                          <h1>
                                                        Add Relevant links
                                          </h1>
                            </div>
                            <div
                                          className="modal-body"
                            >
                                          <AddProjectLinksForm
                                                        addNewProjectLink={[Function]}
                                                        projectLinks={
                                                                      Array [
                                                                                    "",
                                                                                    "",
                                                                                    "",
                                                                                    "",
                                                                                    "",
                                                                                  ]
                                                        }
                                                        textInputChange={[Function]}
                                                        tooltipMessage="Add New Link"
                                          />
                            </div>
                            <div
                                          className="modal-footer"
                            >
                                          <button
                                                        className="btn done-btn"
                                                        data-dismiss="modal"
                                                        label="Cancel"
                                                        onClick={[Function]}
                                                        type="button"
                                          >
                                                        Cancel
                                          </button>
                                          <button
                                                        className="btn done-btn"
                                                        data-dismiss="modal"
                                                        label="Done"
                                                        onClick={[Function]}
                                                        type="button"
                                          >
                                                        Done
                                          </button>
                            </div>
              </div>
</div>,
            "className": "modal fade links-upload",
            "id": "add-links-modal",
            "roled": "dialog",
          },
          "ref": null,
          "rendered": Object {
            "instance": null,
            "key": undefined,
            "nodeType": "host",
            "props": Object {
              "children": <div
                className="modal-content"
>
                <div
                                className="modal-header"
                >
                                <h1>
                                                Add Relevant links
                                </h1>
                </div>
                <div
                                className="modal-body"
                >
                                <AddProjectLinksForm
                                                addNewProjectLink={[Function]}
                                                projectLinks={
                                                                Array [
                                                                                "",
                                                                                "",
                                                                                "",
                                                                                "",
                                                                                "",
                                                                              ]
                                                }
                                                textInputChange={[Function]}
                                                tooltipMessage="Add New Link"
                                />
                </div>
                <div
                                className="modal-footer"
                >
                                <button
                                                className="btn done-btn"
                                                data-dismiss="modal"
                                                label="Cancel"
                                                onClick={[Function]}
                                                type="button"
                                >
                                                Cancel
                                </button>
                                <button
                                                className="btn done-btn"
                                                data-dismiss="modal"
                                                label="Done"
                                                onClick={[Function]}
                                                type="button"
                                >
                                                Done
                                </button>
                </div>
</div>,
              "className": "modal-dialog modal-dialog-scrollable modal-dialog-centered",
              "role": "document",
            },
            "ref": null,
            "rendered": Object {
              "instance": null,
              "key": undefined,
              "nodeType": "host",
              "props": Object {
                "children": Array [
                  <div
                    className="modal-header"
>
                    <h1>
                                        Add Relevant links
                    </h1>
</div>,
                  <div
                    className="modal-body"
>
                    <AddProjectLinksForm
                                        addNewProjectLink={[Function]}
                                        projectLinks={
                                                            Array [
                                                                                "",
                                                                                "",
                                                                                "",
                                                                                "",
                                                                                "",
                                                                              ]
                                        }
                                        textInputChange={[Function]}
                                        tooltipMessage="Add New Link"
                    />
</div>,
                  <div
                    className="modal-footer"
>
                    <button
                                        className="btn done-btn"
                                        data-dismiss="modal"
                                        label="Cancel"
                                        onClick={[Function]}
                                        type="button"
                    >
                                        Cancel
                    </button>
                    <button
                                        className="btn done-btn"
                                        data-dismiss="modal"
                                        label="Done"
                                        onClick={[Function]}
                                        type="button"
                    >
                                        Done
                    </button>
</div>,
                ],
                "className": "modal-content",
              },
              "ref": null,
              "rendered": Array [
                Object {
                  "instance": null,
                  "key": undefined,
                  "nodeType": "host",
                  "props": Object {
                    "children": <h1>
                      Add Relevant links
</h1>,
                    "className": "modal-header",
                  },
                  "ref": null,
                  "rendered": Object {
                    "instance": null,
                    "key": undefined,
                    "nodeType": "host",
                    "props": Object {
                      "children": "Add Relevant links",
                    },
                    "ref": null,
                    "rendered": "Add Relevant links",
                    "type": "h1",
                  },
                  "type": "div",
                },
                Object {
                  "instance": null,
                  "key": undefined,
                  "nodeType": "host",
                  "props": Object {
                    "children": <AddProjectLinksForm
                      addNewProjectLink={[Function]}
                      projectLinks={
                                            Array [
                                                                  "",
                                                                  "",
                                                                  "",
                                                                  "",
                                                                  "",
                                                                ]
                      }
                      textInputChange={[Function]}
                      tooltipMessage="Add New Link"
/>,
                    "className": "modal-body",
                  },
                  "ref": null,
                  "rendered": Object {
                    "instance": null,
                    "key": undefined,
                    "nodeType": "function",
                    "props": Object {
                      "addNewProjectLink": [Function],
                      "projectLinks": Array [
                        "",
                        "",
                        "",
                        "",
                        "",
                      ],
                      "textInputChange": [Function],
                      "tooltipMessage": "Add New Link",
                    },
                    "ref": null,
                    "rendered": null,
                    "type": [Function],
                  },
                  "type": "div",
                },
                Object {
                  "instance": null,
                  "key": undefined,
                  "nodeType": "host",
                  "props": Object {
                    "children": Array [
                      <button
                        className="btn done-btn"
                        data-dismiss="modal"
                        label="Cancel"
                        onClick={[Function]}
                        type="button"
>
                        Cancel
</button>,
                      <button
                        className="btn done-btn"
                        data-dismiss="modal"
                        label="Done"
                        onClick={[Function]}
                        type="button"
>
                        Done
</button>,
                    ],
                    "className": "modal-footer",
                  },
                  "ref": null,
                  "rendered": Array [
                    Object {
                      "instance": null,
                      "key": undefined,
                      "nodeType": "host",
                      "props": Object {
                        "children": "Cancel",
                        "className": "btn done-btn",
                        "data-dismiss": "modal",
                        "label": "Cancel",
                        "onClick": [Function],
                        "type": "button",
                      },
                      "ref": null,
                      "rendered": "Cancel",
                      "type": "button",
                    },
                    Object {
                      "instance": null,
                      "key": undefined,
                      "nodeType": "host",
                      "props": Object {
                        "children": "Done",
                        "className": "btn done-btn",
                        "data-dismiss": "modal",
                        "label": "Done",
                        "onClick": [Function],
                        "type": "button",
                      },
                      "ref": null,
                      "rendered": "Done",
                      "type": "button",
                    },
                  ],
                  "type": "div",
                },
              ],
              "type": "div",
            },
            "type": "div",
          },
          "type": "div",
        },
      ],
      "type": "div",
    },
  ],
  Symbol(enzyme.__options__): Object {
    "adapter": ReactSixteenAdapter {
      "options": Object {
        "enableComponentDidUpdateOnSetState": true,
        "legacyContextMode": "parent",
        "lifecycles": Object {
          "componentDidUpdate": Object {
            "onSetState": true,
          },
          "getChildContext": Object {
            "calledByRenderer": false,
          },
          "getDerivedStateFromError": true,
          "getDerivedStateFromProps": Object {
            "hasShouldComponentUpdateBug": false,
          },
          "getSnapshotBeforeUpdate": true,
          "setState": Object {
            "skipsComponentDidUpdateOnNullish": true,
          },
        },
      },
    },
    Symbol(enzyme.__providerValues__): undefined,
  },
  Symbol(enzyme.__providerValues__): Map {},
  Symbol(enzyme.__childContext__): null,
}
`;
