// Jest Snapshot v1, https://goo.gl/fbAQLP

exports[`Test MapAreasOfConcernData snapshots should render properly 1`] = `
ShallowWrapper {
  Symbol(enzyme.__root__): [Circular],
  Symbol(enzyme.__unrendered__): <MapAreasOfConcernData
    activity="This is the activity"
    averageRatings={
        Object {
            "communication": "1.8",
            "initiative": "1.1",
            "integration": "1.7",
            "quality": "0.5",
            "quantity": "0.5",
          }
    }
    description="This is the description"
    details="This is the detail"
    handleChange={[Function]}
/>,
  Symbol(enzyme.__renderer__): Object {
    "batchedUpdates": [Function],
    "getNode": [Function],
    "render": [Function],
    "simulateError": [Function],
    "simulateEvent": [Function],
    "unmount": [Function],
  },
  Symbol(enzyme.__node__): Object {
    "instance": null,
    "key": undefined,
    "nodeType": "host",
    "props": Object {
      "children": Array [
        <AreaOfConcern
          attribute={
                    Object {
                              "Quality": "0.5",
                            }
          }
          handleChange={[Function]}
/>,
        <AreaOfConcern
          attribute={
                    Object {
                              "Quantity": "0.5",
                            }
          }
          handleChange={[Function]}
/>,
      ],
    },
    "ref": null,
    "rendered": Array [
      Object {
        "instance": null,
        "key": "weak-key-0",
        "nodeType": "function",
        "props": Object {
          "attribute": Object {
            "Quality": "0.5",
          },
          "handleChange": [Function],
        },
        "ref": null,
        "rendered": null,
        "type": [Function],
      },
      Object {
        "instance": null,
        "key": "weak-key-1",
        "nodeType": "function",
        "props": Object {
          "attribute": Object {
            "Quantity": "0.5",
          },
          "handleChange": [Function],
        },
        "ref": null,
        "rendered": null,
        "type": [Function],
      },
    ],
    "type": "div",
  },
  Symbol(enzyme.__nodes__): Array [
    Object {
      "instance": null,
      "key": undefined,
      "nodeType": "host",
      "props": Object {
        "children": Array [
          <AreaOfConcern
            attribute={
                        Object {
                                    "Quality": "0.5",
                                  }
            }
            handleChange={[Function]}
/>,
          <AreaOfConcern
            attribute={
                        Object {
                                    "Quantity": "0.5",
                                  }
            }
            handleChange={[Function]}
/>,
        ],
      },
      "ref": null,
      "rendered": Array [
        Object {
          "instance": null,
          "key": "weak-key-0",
          "nodeType": "function",
          "props": Object {
            "attribute": Object {
              "Quality": "0.5",
            },
            "handleChange": [Function],
          },
          "ref": null,
          "rendered": null,
          "type": [Function],
        },
        Object {
          "instance": null,
          "key": "weak-key-1",
          "nodeType": "function",
          "props": Object {
            "attribute": Object {
              "Quantity": "0.5",
            },
            "handleChange": [Function],
          },
          "ref": null,
          "rendered": null,
          "type": [Function],
        },
      ],
      "type": "div",
    },
  ],
  Symbol(enzyme.__options__): Object {
    "adapter": ReactSixteenAdapter {
      "options": Object {
        "enableComponentDidUpdateOnSetState": true,
        "lifecycles": Object {
          "componentDidUpdate": Object {
            "onSetState": true,
          },
          "getDerivedStateFromProps": true,
          "getSnapshotBeforeUpdate": true,
          "setState": Object {
            "skipsComponentDidUpdateOnNullish": true,
          },
        },
      },
    },
  },
}
`;
