// Jest Snapshot v1, https://goo.gl/fbAQLP

exports[`tests the ProjectEngineerRow renders correctly 1`] = `
<Row
  header={false}
>
  <Cell
    addedClass=""
    key="weak-key-0"
    title="undefined engineers"
  >
    dozic
  </Cell>
  <Cell
    addedClass=""
    key="weak-key-0"
    title="undefined engineers"
  >
    Engineer
  </Cell>
  <Cell
    addedClass=""
    key="weak-key-0"
    title="undefined engineers"
  >
    Lagos-44
  </Cell>
  <Cell
    addedClass=""
    key="weak-key-0"
    title="undefined engineers"
  >
    2018-10-29 14:34:03
  </Cell>
  <Cell
    addedClass=""
    key="weak-key-0"
    title="undefined engineers"
  >
    2019-11-29 14:34:03
  </Cell>
</Row>
`;
