// Jest Snapshot v1, https://goo.gl/fbAQLP

exports[`PIPDeactivation test suite should render properly 1`] = `
<div>
  <div
    aria-hidden="true"
    aria-labelledby="pipdeactivationModal"
    className="modal fade"
    id="pipDeactivation-modal"
    roled="dialog"
  >
    <div
      className="modal-dialog modal-dialog-centered"
      role="document"
    >
      <div
        className="modal-content"
      >
        <div
          className="modal-header"
        >
          <span
            className="modal-title"
          >
            Deactivate PIP?
          </span>
          <button
            aria-label="Close"
            className="close"
            data-dismiss="modal"
            type="button"
          >
            <span
              aria-hidden="false"
            >
              ×
            </span>
          </button>
        </div>
        <div
          className="modal-body"
        >
          Are you sure you want to deactivate PIP ?
        </div>
        <div
          className="modal-footer"
        >
          <button
            className="btn"
            data-dismiss="modal"
            type="button"
          >
            No
          </button>
          <button
            className="btn"
            data-dismiss="modal"
            onClick={[Function]}
            type="button"
          >
            Yes, Deactivate PIP
          </button>
        </div>
      </div>
    </div>
  </div>
</div>
`;
