// Jest Snapshot v1, https://goo.gl/fbAQLP

exports[`should match snapshot 1`] = `
<main>
  <div
    className="text-center"
    style={
      Object {
        "minHeight": "calc(100vh - 145px)",
        "padding": "1rem",
      }
    }
  >
    <h1
      style={
        Object {
          "margin": "5rem auto 3rem auto",
        }
      }
    >
      <i
        className="fas fa-exclamation-circle"
        style={
          Object {
            "color": "#0459E4",
            "fontSize": "7rem",
          }
        }
      />
    </h1>
    <h3
      style={
        Object {
          "margin": "3rem auto",
        }
      }
    >
      Oops! Something went wrong. We are working on it.
      <p
        style={
          Object {
            "marginTop": "1rem",
          }
        }
      >
        Please reload the page.
      </p>
    </h3>
  </div>
</main>
`;
