// Jest Snapshot v1, https://goo.gl/fbAQLP

exports[`test button should render FileInfo 1`] = `
<div
  className="document-info"
>
  <a
    href=""
    rel="noopener noreferrer"
    target="_blank"
  >
    .  Uploaded
  </a>
  <img
    alt="Delete icon"
    onClick={[Function]}
    src="delete.svg"
  />
</div>
`;
