// Jest Snapshot v1, https://goo.gl/fbAQLP

exports[`Add Technology Modal renders correctly 1`] = `
<GenericModal
  footer={null}
  handleClose={[Function]}
  handleSubmit={[Function]}
  id="addTechnologyModal"
  size=""
  submitLoading={false}
  success={false}
  successMessage="The project technology has been added to the project form!"
  title="Add Technology"
>
  <TextInput
    alertText=""
    className="wt-text-input"
    comment=""
    componentStateKey="inputs"
    defaultStatus={0}
    inputValue=""
    label="Technology"
    length={999}
    name="technology"
    parent={
      AddTechnologyModal {
        "context": Object {},
        "handleClick": [Function],
        "handleClose": [Function],
        "props": Object {
          "addProjectTechnology": [MockFunction],
        },
        "refs": Object {},
        "setState": [Function],
        "state": Object {
          "inputs": Object {},
        },
        "updater": Updater {
          "_callbacks": Array [],
          "_renderer": ReactShallowRenderer {
            "_context": Object {},
            "_didScheduleRenderPhaseUpdate": false,
            "_dispatcher": Object {
              "readContext": [Function],
              "useCallback": [Function],
              "useContext": [Function],
              "useDebugValue": [Function],
              "useEffect": [Function],
              "useImperativeHandle": [Function],
              "useLayoutEffect": [Function],
              "useMemo": [Function],
              "useReducer": [Function],
              "useRef": [Function],
              "useState": [Function],
            },
            "_element": <AddTechnologyModal
              addProjectTechnology={[MockFunction]}
            />,
            "_firstWorkInProgressHook": null,
            "_forcedUpdate": false,
            "_instance": [Circular],
            "_isReRender": false,
            "_newState": null,
            "_numberOfReRenders": 0,
            "_renderPhaseUpdates": null,
            "_rendered": <GenericModal
              footer={null}
              handleClose={[Function]}
              handleSubmit={[Function]}
              id="addTechnologyModal"
              size=""
              submitLoading={false}
              success={false}
              successMessage="The project technology has been added to the project form!"
              title="Add Technology"
            >
              <TextInput
                alertText=""
                className="wt-text-input"
                comment=""
                componentStateKey="inputs"
                defaultStatus={0}
                inputValue=""
                label="Technology"
                length={999}
                name="technology"
                parent={[Circular]}
                placeholder=""
                testInput={[Function]}
                type="text"
              />
            </GenericModal>,
            "_rendering": false,
            "_updater": [Circular],
            "_workInProgressHook": null,
          },
        },
      }
    }
    placeholder=""
    testInput={[Function]}
    type="text"
  />
</GenericModal>
`;
