// Jest Snapshot v1, https://goo.gl/fbAQLP

exports[`AreaOfConcern component should render correctly 1`] = `
ShallowWrapper {
  Symbol(enzyme.__root__): [Circular],
  Symbol(enzyme.__unrendered__): <AreaOfConcern
    attribute={
        Object {
            "quality": 0.8,
          }
    }
    handleChange={[Function]}
    quality={
        Object {
            "description": "You need to level up on react",
          }
    }
/>,
  Symbol(enzyme.__renderer__): Object {
    "batchedUpdates": [Function],
    "getNode": [Function],
    "render": [Function],
    "simulateError": [Function],
    "simulateEvent": [Function],
    "unmount": [Function],
  },
  Symbol(enzyme.__node__): Object {
    "instance": null,
    "key": undefined,
    "nodeType": "host",
    "props": Object {
      "children": Array [
        <div
          className="areas-of-concern-title"
>
          Area of Concern - 
          quality
</div>,
        <div
          className="form-row row"
>
          <AreaOfConcernInput
                    areaOfConcern="quality"
                    handleChange={[Function]}
                    id="description"
                    required="required"
                    title="Description"
                    value="You need to level up on react"
          />
          <AreaOfConcernInput
                    areaOfConcern="quality"
                    handleChange={[Function]}
                    id="details"
                    required="required"
                    title="Details/Example"
                    value={undefined}
          />
          <AreaOfConcernInput
                    areaOfConcern="quality"
                    handleChange={[Function]}
                    id="activity"
                    required="required"
                    title="Activity"
                    value={undefined}
          />
</div>,
      ],
    },
    "ref": null,
    "rendered": Array [
      Object {
        "instance": null,
        "key": undefined,
        "nodeType": "host",
        "props": Object {
          "children": Array [
            "Area of Concern - ",
            "quality",
          ],
          "className": "areas-of-concern-title",
        },
        "ref": null,
        "rendered": Array [
          "Area of Concern - ",
          "quality",
        ],
        "type": "div",
      },
      Object {
        "instance": null,
        "key": undefined,
        "nodeType": "host",
        "props": Object {
          "children": Array [
            <AreaOfConcernInput
              areaOfConcern="quality"
              handleChange={[Function]}
              id="description"
              required="required"
              title="Description"
              value="You need to level up on react"
/>,
            <AreaOfConcernInput
              areaOfConcern="quality"
              handleChange={[Function]}
              id="details"
              required="required"
              title="Details/Example"
              value={undefined}
/>,
            <AreaOfConcernInput
              areaOfConcern="quality"
              handleChange={[Function]}
              id="activity"
              required="required"
              title="Activity"
              value={undefined}
/>,
          ],
          "className": "form-row row",
        },
        "ref": null,
        "rendered": Array [
          Object {
            "instance": null,
            "key": undefined,
            "nodeType": "function",
            "props": Object {
              "areaOfConcern": "quality",
              "handleChange": [Function],
              "id": "description",
              "required": "required",
              "title": "Description",
              "value": "You need to level up on react",
            },
            "ref": null,
            "rendered": null,
            "type": [Function],
          },
          Object {
            "instance": null,
            "key": undefined,
            "nodeType": "function",
            "props": Object {
              "areaOfConcern": "quality",
              "handleChange": [Function],
              "id": "details",
              "required": "required",
              "title": "Details/Example",
              "value": undefined,
            },
            "ref": null,
            "rendered": null,
            "type": [Function],
          },
          Object {
            "instance": null,
            "key": undefined,
            "nodeType": "function",
            "props": Object {
              "areaOfConcern": "quality",
              "handleChange": [Function],
              "id": "activity",
              "required": "required",
              "title": "Activity",
              "value": undefined,
            },
            "ref": null,
            "rendered": null,
            "type": [Function],
          },
        ],
        "type": "div",
      },
    ],
    "type": "div",
  },
  Symbol(enzyme.__nodes__): Array [
    Object {
      "instance": null,
      "key": undefined,
      "nodeType": "host",
      "props": Object {
        "children": Array [
          <div
            className="areas-of-concern-title"
>
            Area of Concern - 
            quality
</div>,
          <div
            className="form-row row"
>
            <AreaOfConcernInput
                        areaOfConcern="quality"
                        handleChange={[Function]}
                        id="description"
                        required="required"
                        title="Description"
                        value="You need to level up on react"
            />
            <AreaOfConcernInput
                        areaOfConcern="quality"
                        handleChange={[Function]}
                        id="details"
                        required="required"
                        title="Details/Example"
                        value={undefined}
            />
            <AreaOfConcernInput
                        areaOfConcern="quality"
                        handleChange={[Function]}
                        id="activity"
                        required="required"
                        title="Activity"
                        value={undefined}
            />
</div>,
        ],
      },
      "ref": null,
      "rendered": Array [
        Object {
          "instance": null,
          "key": undefined,
          "nodeType": "host",
          "props": Object {
            "children": Array [
              "Area of Concern - ",
              "quality",
            ],
            "className": "areas-of-concern-title",
          },
          "ref": null,
          "rendered": Array [
            "Area of Concern - ",
            "quality",
          ],
          "type": "div",
        },
        Object {
          "instance": null,
          "key": undefined,
          "nodeType": "host",
          "props": Object {
            "children": Array [
              <AreaOfConcernInput
                areaOfConcern="quality"
                handleChange={[Function]}
                id="description"
                required="required"
                title="Description"
                value="You need to level up on react"
/>,
              <AreaOfConcernInput
                areaOfConcern="quality"
                handleChange={[Function]}
                id="details"
                required="required"
                title="Details/Example"
                value={undefined}
/>,
              <AreaOfConcernInput
                areaOfConcern="quality"
                handleChange={[Function]}
                id="activity"
                required="required"
                title="Activity"
                value={undefined}
/>,
            ],
            "className": "form-row row",
          },
          "ref": null,
          "rendered": Array [
            Object {
              "instance": null,
              "key": undefined,
              "nodeType": "function",
              "props": Object {
                "areaOfConcern": "quality",
                "handleChange": [Function],
                "id": "description",
                "required": "required",
                "title": "Description",
                "value": "You need to level up on react",
              },
              "ref": null,
              "rendered": null,
              "type": [Function],
            },
            Object {
              "instance": null,
              "key": undefined,
              "nodeType": "function",
              "props": Object {
                "areaOfConcern": "quality",
                "handleChange": [Function],
                "id": "details",
                "required": "required",
                "title": "Details/Example",
                "value": undefined,
              },
              "ref": null,
              "rendered": null,
              "type": [Function],
            },
            Object {
              "instance": null,
              "key": undefined,
              "nodeType": "function",
              "props": Object {
                "areaOfConcern": "quality",
                "handleChange": [Function],
                "id": "activity",
                "required": "required",
                "title": "Activity",
                "value": undefined,
              },
              "ref": null,
              "rendered": null,
              "type": [Function],
            },
          ],
          "type": "div",
        },
      ],
      "type": "div",
    },
  ],
  Symbol(enzyme.__options__): Object {
    "adapter": ReactSixteenAdapter {
      "options": Object {
        "enableComponentDidUpdateOnSetState": true,
        "lifecycles": Object {
          "componentDidUpdate": Object {
            "onSetState": true,
          },
          "getDerivedStateFromProps": true,
          "getSnapshotBeforeUpdate": true,
          "setState": Object {
            "skipsComponentDidUpdateOnNullish": true,
          },
        },
      },
    },
  },
}
`;
