// Jest Snapshot v1, https://goo.gl/fbAQLP

exports[`ApplicationCrash component it should render without crashing 1`] = `
<Fragment>
  <div
    className="work-in-progress"
  >
    <div
      className="container"
    >
      <div
        className="row icon-area"
      >
        <div
          className="col-md-12 text-center"
        >
          <img
            alt="icon"
            className="w-50"
            src="construction_new_color_loop.svg"
          />
        </div>
      </div>
      <div
        className="row mt-5 justify-content-center"
      >
        <div
          className="col-md-8 text-center"
        >
          <h4
            className="font-weight-lighter"
          >
            Work in Progress
          </h4>
        </div>
      </div>
    </div>
  </div>
</Fragment>
`;
