// Jest Snapshot v1, https://goo.gl/fbAQLP

exports[`Menu Component Test Suite renders witout error 1`] = `
ShallowWrapper {
  Symbol(enzyme.__root__): [Circular],
  Symbol(enzyme.__unrendered__): <Menu
    activeItems={
        Array [
            Object {
              "key": "dashboard",
              "name": "Dashboard",
              "path": "/dashboard",
            },
          ]
    }
    items={
        Array [
            Object {
              "activeIcon": "DashboardFill.svg",
              "icon": "Dashboard.svg",
              "key": "dashboard",
              "name": "Dashboard",
            },
            Object {
              "activeIcon": "PerfomanceFill.svg",
              "icon": "Perfomance.svg",
              "key": "Performance",
              "name": "My Performance",
            },
            Object {
              "activeIcon": "HistoryFill.svg",
              "icon": "History.svg",
              "key": "History",
              "name": "My History",
            },
          ]
    }
    role="Fellow"
/>,
  Symbol(enzyme.__renderer__): Object {
    "batchedUpdates": [Function],
    "getNode": [Function],
    "render": [Function],
    "simulateError": [Function],
    "simulateEvent": [Function],
    "unmount": [Function],
  },
  Symbol(enzyme.__node__): Object {
    "instance": null,
    "key": undefined,
    "nodeType": "host",
    "props": Object {
      "children": Array [
        <MenuLink
          handleMenuClick={undefined}
          isActive={undefined}
          link={
                    Object {
                              "activeIcon": "DashboardFill.svg",
                              "icon": "Dashboard.svg",
                              "key": "dashboard",
                              "name": "Dashboard",
                            }
          }
          role="Fellow"
/>,
        <MenuLink
          handleMenuClick={undefined}
          isActive={undefined}
          link={
                    Object {
                              "activeIcon": "PerfomanceFill.svg",
                              "icon": "Perfomance.svg",
                              "key": "Performance",
                              "name": "My Performance",
                            }
          }
          role="Fellow"
/>,
        <MenuLink
          handleMenuClick={undefined}
          isActive={undefined}
          link={
                    Object {
                              "activeIcon": "HistoryFill.svg",
                              "icon": "History.svg",
                              "key": "History",
                              "name": "My History",
                            }
          }
          role="Fellow"
/>,
      ],
      "className": "header--bottom d-flex justify-content-center",
    },
    "ref": null,
    "rendered": Array [
      Object {
        "instance": null,
        "key": "dashboard",
        "nodeType": "function",
        "props": Object {
          "handleMenuClick": undefined,
          "isActive": undefined,
          "link": Object {
            "activeIcon": "DashboardFill.svg",
            "icon": "Dashboard.svg",
            "key": "dashboard",
            "name": "Dashboard",
          },
          "role": "Fellow",
        },
        "ref": null,
        "rendered": null,
        "type": [Function],
      },
      Object {
        "instance": null,
        "key": "Performance",
        "nodeType": "function",
        "props": Object {
          "handleMenuClick": undefined,
          "isActive": undefined,
          "link": Object {
            "activeIcon": "PerfomanceFill.svg",
            "icon": "Perfomance.svg",
            "key": "Performance",
            "name": "My Performance",
          },
          "role": "Fellow",
        },
        "ref": null,
        "rendered": null,
        "type": [Function],
      },
      Object {
        "instance": null,
        "key": "History",
        "nodeType": "function",
        "props": Object {
          "handleMenuClick": undefined,
          "isActive": undefined,
          "link": Object {
            "activeIcon": "HistoryFill.svg",
            "icon": "History.svg",
            "key": "History",
            "name": "My History",
          },
          "role": "Fellow",
        },
        "ref": null,
        "rendered": null,
        "type": [Function],
      },
    ],
    "type": "div",
  },
  Symbol(enzyme.__nodes__): Array [
    Object {
      "instance": null,
      "key": undefined,
      "nodeType": "host",
      "props": Object {
        "children": Array [
          <MenuLink
            handleMenuClick={undefined}
            isActive={undefined}
            link={
                        Object {
                                    "activeIcon": "DashboardFill.svg",
                                    "icon": "Dashboard.svg",
                                    "key": "dashboard",
                                    "name": "Dashboard",
                                  }
            }
            role="Fellow"
/>,
          <MenuLink
            handleMenuClick={undefined}
            isActive={undefined}
            link={
                        Object {
                                    "activeIcon": "PerfomanceFill.svg",
                                    "icon": "Perfomance.svg",
                                    "key": "Performance",
                                    "name": "My Performance",
                                  }
            }
            role="Fellow"
/>,
          <MenuLink
            handleMenuClick={undefined}
            isActive={undefined}
            link={
                        Object {
                                    "activeIcon": "HistoryFill.svg",
                                    "icon": "History.svg",
                                    "key": "History",
                                    "name": "My History",
                                  }
            }
            role="Fellow"
/>,
        ],
        "className": "header--bottom d-flex justify-content-center",
      },
      "ref": null,
      "rendered": Array [
        Object {
          "instance": null,
          "key": "dashboard",
          "nodeType": "function",
          "props": Object {
            "handleMenuClick": undefined,
            "isActive": undefined,
            "link": Object {
              "activeIcon": "DashboardFill.svg",
              "icon": "Dashboard.svg",
              "key": "dashboard",
              "name": "Dashboard",
            },
            "role": "Fellow",
          },
          "ref": null,
          "rendered": null,
          "type": [Function],
        },
        Object {
          "instance": null,
          "key": "Performance",
          "nodeType": "function",
          "props": Object {
            "handleMenuClick": undefined,
            "isActive": undefined,
            "link": Object {
              "activeIcon": "PerfomanceFill.svg",
              "icon": "Perfomance.svg",
              "key": "Performance",
              "name": "My Performance",
            },
            "role": "Fellow",
          },
          "ref": null,
          "rendered": null,
          "type": [Function],
        },
        Object {
          "instance": null,
          "key": "History",
          "nodeType": "function",
          "props": Object {
            "handleMenuClick": undefined,
            "isActive": undefined,
            "link": Object {
              "activeIcon": "HistoryFill.svg",
              "icon": "History.svg",
              "key": "History",
              "name": "My History",
            },
            "role": "Fellow",
          },
          "ref": null,
          "rendered": null,
          "type": [Function],
        },
      ],
      "type": "div",
    },
  ],
  Symbol(enzyme.__options__): Object {
    "adapter": ReactSixteenAdapter {
      "options": Object {
        "enableComponentDidUpdateOnSetState": true,
        "lifecycles": Object {
          "componentDidUpdate": Object {
            "onSetState": true,
          },
          "getDerivedStateFromProps": true,
          "getSnapshotBeforeUpdate": true,
          "setState": Object {
            "skipsComponentDidUpdateOnNullish": true,
          },
        },
      },
    },
  },
}
`;
