// Jest Snapshot v1, https://goo.gl/fbAQLP

exports[`OpsDashboardMain component renders to match snapshot 1`] = `
ShallowWrapper {
  Symbol(enzyme.__root__): [Circular],
  Symbol(enzyme.__unrendered__): <OpsDashboardMain
    averageFellowsPerLf={22}
    averageFellowsPerTtl={20}
    displayManagers="LF"
    fetchFellowsSummary={[Function]}
    getManagers={[Function]}
    lfs={
        Array [
            Object {
              "createdAt": "2018-12-06 10:13:21",
              "email": "Duncan.Gitonga@andela.com",
              "fellows": Array [
                Object {
                  "createdAt": "2018-12-06 10:08:51",
                  "email": "Rosalind.Anthony@andela.com",
                  "level": "D0A Simulations",
                  "managerId": "LOS/TTL/1050",
                  "project": "Undefined",
                  "roleId": 1,
                  "status": "onTrack",
                  "updatedAt": "2018-12-06 10:08:51",
                  "user": Object {
                    "createdAt": "2018-12-06 10:08:50",
                    "email": "Rosalind.Anthony@andela.com",
                    "firstName": "Rosalind",
                    "id": 44,
                    "lastName": "Anthony",
                    "updatedAt": "2018-12-06 10:08:50",
                  },
                },
                Object {
                  "createdAt": "2018-12-06 10:08:51",
                  "email": "Orville.Flynn@andela.com",
                  "level": "D0A Simulations",
                  "managerId": "LOS/TTL/1050",
                  "project": "Undefined",
                  "roleId": 1,
                  "status": "onTrack",
                  "updatedAt": "2018-12-06 10:08:51",
                  "user": Object {
                    "createdAt": "2018-12-06 10:08:50",
                    "email": "Orville.Flynn@andela.com",
                    "firstName": "Orville",
                    "id": 45,
                    "lastName": "Flynn",
                    "updatedAt": "2018-12-06 10:08:50",
                  },
                },
                Object {
                  "createdAt": "2018-12-06 10:08:51",
                  "email": "Shawn.Ewing@andela.com",
                  "level": "D0A Simulations",
                  "managerId": "LOS/TTL/1050",
                  "project": "Undefined",
                  "roleId": 1,
                  "status": "gteWk5OffTrack",
                  "updatedAt": "2018-12-06 10:08:51",
                  "user": Object {
                    "createdAt": "2018-12-06 10:08:50",
                    "email": "Shawn.Ewing@andela.com",
                    "firstName": "Shawn",
                    "id": 49,
                    "lastName": "Ewing",
                    "updatedAt": "2018-12-06 10:08:50",
                  },
                },
                Object {
                  "createdAt": "2018-12-06 10:08:51",
                  "email": "Latonya.Mathis@andela.com",
                  "level": "D0A Simulations",
                  "managerId": "LOS/TTL/1050",
                  "project": "Undefined",
                  "roleId": 1,
                  "status": "onTrack",
                  "updatedAt": "2018-12-06 10:08:51",
                  "user": Object {
                    "createdAt": "2018-12-06 10:08:50",
                    "email": "Latonya.Mathis@andela.com",
                    "firstName": "Latonya",
                    "id": 50,
                    "lastName": "Mathis",
                    "updatedAt": "2018-12-06 10:08:50",
                  },
                },
                Object {
                  "createdAt": "2018-12-06 10:08:51",
                  "email": "Wilber.Hobbs@andela.com",
                  "level": "D0A Simulations",
                  "managerId": "LOS/TTL/1050",
                  "project": "Undefined",
                  "roleId": 1,
                  "status": "gteWk5OffTrack",
                  "updatedAt": "2018-12-06 10:08:51",
                  "user": Object {
                    "createdAt": "2018-12-06 10:08:50",
                    "email": "Wilber.Hobbs@andela.com",
                    "firstName": "Wilber",
                    "id": 54,
                    "lastName": "Hobbs",
                    "updatedAt": "2018-12-06 10:08:50",
                  },
                },
                Object {
                  "createdAt": "2018-12-06 10:08:51",
                  "email": "Rubin.Booth@andela.com",
                  "level": "D0A Simulations",
                  "managerId": "LOS/TTL/1050",
                  "project": "Undefined",
                  "roleId": 1,
                  "status": "gteWk5OffTrack",
                  "updatedAt": "2018-12-06 10:08:51",
                  "user": Object {
                    "createdAt": "2018-12-06 10:08:50",
                    "email": "Rubin.Booth@andela.com",
                    "firstName": "Rubin",
                    "id": 55,
                    "lastName": "Booth",
                    "updatedAt": "2018-12-06 10:08:50",
                  },
                },
                Object {
                  "createdAt": "2018-12-06 10:08:51",
                  "email": "Bret.Schaefer@andela.com",
                  "level": "D0A Simulations",
                  "managerId": "LOS/TTL/1050",
                  "project": "Undefined",
                  "roleId": 1,
                  "status": "onTrack",
                  "updatedAt": "2018-12-06 10:08:51",
                  "user": Object {
                    "createdAt": "2018-12-06 10:08:50",
                    "email": "Bret.Schaefer@andela.com",
                    "firstName": "Bret",
                    "id": 59,
                    "lastName": "Schaefer",
                    "updatedAt": "2018-12-06 10:08:50",
                  },
                },
                Object {
                  "createdAt": "2018-12-06 10:08:51",
                  "email": "Teri.Werner@andela.com",
                  "level": "D0A Simulations",
                  "managerId": "LOS/TTL/1050",
                  "project": "Undefined",
                  "roleId": 1,
                  "status": "onTrack",
                  "updatedAt": "2018-12-06 10:08:51",
                  "user": Object {
                    "createdAt": "2018-12-06 10:08:50",
                    "email": "Teri.Werner@andela.com",
                    "firstName": "Teri",
                    "id": 60,
                    "lastName": "Werner",
                    "updatedAt": "2018-12-06 10:08:50",
                  },
                },
                Object {
                  "createdAt": "2018-12-06 10:08:51",
                  "email": "Melanie.Harrell@andela.com",
                  "level": "D0A Simulations",
                  "managerId": "LOS/TTL/1050",
                  "project": "Undefined",
                  "roleId": 1,
                  "status": "onTrack",
                  "updatedAt": "2018-12-06 10:08:51",
                  "user": Object {
                    "createdAt": "2018-12-06 10:08:50",
                    "email": "Melanie.Harrell@andela.com",
                    "firstName": "Melanie",
                    "id": 64,
                    "lastName": "Harrell",
                    "updatedAt": "2018-12-06 10:08:50",
                  },
                },
                Object {
                  "createdAt": "2018-12-06 10:08:51",
                  "email": "Elliot.Kemp@andela.com",
                  "level": "D0A Simulations",
                  "managerId": "LOS/TTL/1050",
                  "project": "Undefined",
                  "roleId": 1,
                  "status": "onTrack",
                  "updatedAt": "2018-12-06 10:08:51",
                  "user": Object {
                    "createdAt": "2018-12-06 10:08:50",
                    "email": "Elliot.Kemp@andela.com",
                    "firstName": "Elliot",
                    "id": 65,
                    "lastName": "Kemp",
                    "updatedAt": "2018-12-06 10:08:50",
                  },
                },
                Object {
                  "createdAt": "2018-12-06 10:08:51",
                  "email": "Earnest.Lloyd@andela.com",
                  "level": "D0A Simulations",
                  "managerId": "LOS/TTL/1050",
                  "project": "Undefined",
                  "roleId": 1,
                  "status": "gteWk5OffTrack",
                  "updatedAt": "2018-12-06 10:08:51",
                  "user": Object {
                    "createdAt": "2018-12-06 10:08:50",
                    "email": "Earnest.Lloyd@andela.com",
                    "firstName": "Earnest",
                    "id": 69,
                    "lastName": "Lloyd",
                    "updatedAt": "2018-12-06 10:08:50",
                  },
                },
                Object {
                  "createdAt": "2018-12-06 10:08:51",
                  "email": "Casandra.Novak@andela.com",
                  "level": "D0A Simulations",
                  "managerId": "LOS/TTL/1050",
                  "project": "Undefined",
                  "roleId": 1,
                  "status": "gteWk5OffTrack",
                  "updatedAt": "2018-12-06 10:08:51",
                  "user": Object {
                    "createdAt": "2018-12-06 10:08:50",
                    "email": "Casandra.Novak@andela.com",
                    "firstName": "Casandra",
                    "id": 70,
                    "lastName": "Novak",
                    "updatedAt": "2018-12-06 10:08:50",
                  },
                },
                Object {
                  "createdAt": "2018-12-06 10:08:51",
                  "email": "Zachery.Moody@andela.com",
                  "level": "D0A Simulations",
                  "managerId": "LOS/TTL/1050",
                  "project": "Undefined",
                  "roleId": 1,
                  "status": "gteWk5OffTrack",
                  "updatedAt": "2018-12-06 10:08:51",
                  "user": Object {
                    "createdAt": "2018-12-06 10:08:50",
                    "email": "Zachery.Moody@andela.com",
                    "firstName": "Zachery",
                    "id": 73,
                    "lastName": "Moody",
                    "updatedAt": "2018-12-06 10:08:50",
                  },
                },
                Object {
                  "createdAt": "2018-12-06 10:08:51",
                  "email": "Kelvin.Cole@andela.com",
                  "level": "D0A Simulations",
                  "managerId": "LOS/TTL/1050",
                  "project": "Undefined",
                  "roleId": 1,
                  "status": "gteWk5OffTrack",
                  "updatedAt": "2018-12-06 10:08:51",
                  "user": Object {
                    "createdAt": "2018-12-06 10:08:50",
                    "email": "Kelvin.Cole@andela.com",
                    "firstName": "Kelvin",
                    "id": 74,
                    "lastName": "Cole",
                    "updatedAt": "2018-12-06 10:08:50",
                  },
                },
                Object {
                  "createdAt": "2018-12-06 10:08:51",
                  "email": "Katrina.Huang@andela.com",
                  "level": "D0A Simulations",
                  "managerId": "LOS/TTL/1050",
                  "project": "Undefined",
                  "roleId": 1,
                  "status": "gteWk5OffTrack",
                  "updatedAt": "2018-12-06 10:08:51",
                  "user": Object {
                    "createdAt": "2018-12-06 10:08:50",
                    "email": "Katrina.Huang@andela.com",
                    "firstName": "Katrina",
                    "id": 75,
                    "lastName": "Huang",
                    "updatedAt": "2018-12-06 10:08:50",
                  },
                },
                Object {
                  "createdAt": "2018-12-06 10:08:51",
                  "email": "Hilary.Estes@andela.com",
                  "level": "D0A Simulations",
                  "managerId": "LOS/TTL/1050",
                  "project": "Undefined",
                  "roleId": 1,
                  "status": "gteWk5OffTrack",
                  "updatedAt": "2018-12-06 10:08:51",
                  "user": Object {
                    "createdAt": "2018-12-06 10:08:50",
                    "email": "Hilary.Estes@andela.com",
                    "firstName": "Hilary",
                    "id": 79,
                    "lastName": "Estes",
                    "updatedAt": "2018-12-06 10:08:50",
                  },
                },
                Object {
                  "createdAt": "2018-12-06 10:08:51",
                  "email": "Jana.Henderson@andela.com",
                  "level": "D0A Simulations",
                  "managerId": "LOS/TTL/1050",
                  "project": "Undefined",
                  "roleId": 1,
                  "status": "onTrack",
                  "updatedAt": "2018-12-06 10:08:51",
                  "user": Object {
                    "createdAt": "2018-12-06 10:08:50",
                    "email": "Jana.Henderson@andela.com",
                    "firstName": "Jana",
                    "id": 80,
                    "lastName": "Henderson",
                    "updatedAt": "2018-12-06 10:08:50",
                  },
                },
                Object {
                  "createdAt": "2018-12-06 10:08:51",
                  "email": "Kristopher.Barnes@andela.com",
                  "level": "D0A Simulations",
                  "managerId": "LOS/TTL/1050",
                  "project": "Undefined",
                  "roleId": 1,
                  "status": "onTrack",
                  "updatedAt": "2018-12-06 10:08:51",
                  "user": Object {
                    "createdAt": "2018-12-06 10:08:50",
                    "email": "Kristopher.Barnes@andela.com",
                    "firstName": "Kristopher",
                    "id": 83,
                    "lastName": "Barnes",
                    "updatedAt": "2018-12-06 10:08:50",
                  },
                },
                Object {
                  "createdAt": "2018-12-06 10:08:51",
                  "email": "Clifton.Donaldson@andela.com",
                  "level": "D0A Simulations",
                  "managerId": "LOS/TTL/1050",
                  "project": "Undefined",
                  "roleId": 1,
                  "status": "onTrack",
                  "updatedAt": "2018-12-06 10:08:51",
                  "user": Object {
                    "createdAt": "2018-12-06 10:08:50",
                    "email": "Clifton.Donaldson@andela.com",
                    "firstName": "Clifton",
                    "id": 84,
                    "lastName": "Donaldson",
                    "updatedAt": "2018-12-06 10:08:50",
                  },
                },
                Object {
                  "createdAt": "2018-12-06 10:08:51",
                  "email": "Bernard.Ford@andela.com",
                  "level": "D0A Simulations",
                  "managerId": "LOS/TTL/1050",
                  "project": "Undefined",
                  "roleId": 1,
                  "status": "onTrack",
                  "updatedAt": "2018-12-06 10:08:51",
                  "user": Object {
                    "createdAt": "2018-12-06 10:08:50",
                    "email": "Bernard.Ford@andela.com",
                    "firstName": "Bernard",
                    "id": 85,
                    "lastName": "Ford",
                    "updatedAt": "2018-12-06 10:08:50",
                  },
                },
              ],
              "firstName": "Duncan",
              "id": 1,
              "lastName": "Gitonga",
              "roleId": 3,
              "staff_id": "LOS/TTL/1050",
              "updatedAt": "2018-12-06 10:13:21",
            },
            Object {
              "createdAt": "2018-12-06 10:13:21",
              "email": "Innocent.Asiimwe@andela.com",
              "fellows": Array [
                Object {
                  "createdAt": "2018-12-06 10:08:51",
                  "email": "Sinmiloluwa.Oloyede@andela.com",
                  "level": "D0A Simulations",
                  "managerId": "UGD/TTL/2115",
                  "project": "Fargo",
                  "roleId": 1,
                  "status": "gteWk5OffTrack",
                  "updatedAt": "2018-12-06 10:08:51",
                  "user": Object {
                    "createdAt": "2018-12-06 10:08:50",
                    "email": "Sinmiloluwa.Oloyede@andela.com",
                    "firstName": "Sinmiloluwa",
                    "id": 41,
                    "lastName": "Oloyede",
                    "updatedAt": "2018-12-06 10:08:50",
                  },
                },
                Object {
                  "createdAt": "2018-12-06 10:08:51",
                  "email": "Nicole.Hubbard@andela.com",
                  "level": "D0A Simulations",
                  "managerId": "UGD/TTL/2115",
                  "project": "Undefined",
                  "roleId": 1,
                  "status": "onTrack",
                  "updatedAt": "2018-12-06 10:08:51",
                  "user": Object {
                    "createdAt": "2018-12-06 10:08:50",
                    "email": "Nicole.Hubbard@andela.com",
                    "firstName": "Nicole",
                    "id": 42,
                    "lastName": "Hubbard",
                    "updatedAt": "2018-12-06 10:08:50",
                  },
                },
                Object {
                  "createdAt": "2018-12-06 10:08:51",
                  "email": "Bettie.Trujillo@andela.com",
                  "level": "D0A Simulations",
                  "managerId": "UGD/TTL/2115",
                  "project": "Undefined",
                  "roleId": 1,
                  "status": "gteWk5OffTrack",
                  "updatedAt": "2018-12-06 10:08:51",
                  "user": Object {
                    "createdAt": "2018-12-06 10:08:50",
                    "email": "Bettie.Trujillo@andela.com",
                    "firstName": "Bettie",
                    "id": 43,
                    "lastName": "Trujillo",
                    "updatedAt": "2018-12-06 10:08:50",
                  },
                },
                Object {
                  "createdAt": "2018-12-06 10:08:51",
                  "email": "Rosetta.Weeks@andela.com",
                  "level": "D0A Simulations",
                  "managerId": "UGD/TTL/2115",
                  "project": "Undefined",
                  "roleId": 1,
                  "status": "gteWk5OffTrack",
                  "updatedAt": "2018-12-06 10:08:51",
                  "user": Object {
                    "createdAt": "2018-12-06 10:08:50",
                    "email": "Rosetta.Weeks@andela.com",
                    "firstName": "Rosetta",
                    "id": 46,
                    "lastName": "Weeks",
                    "updatedAt": "2018-12-06 10:08:50",
                  },
                },
                Object {
                  "createdAt": "2018-12-06 10:08:51",
                  "email": "Morton.Johns@andela.com",
                  "level": "D0A Simulations",
                  "managerId": "UGD/TTL/2115",
                  "project": "Undefined",
                  "roleId": 1,
                  "status": "gteWk5OffTrack",
                  "updatedAt": "2018-12-06 10:08:51",
                  "user": Object {
                    "createdAt": "2018-12-06 10:08:50",
                    "email": "Morton.Johns@andela.com",
                    "firstName": "Morton",
                    "id": 47,
                    "lastName": "Johns",
                    "updatedAt": "2018-12-06 10:08:50",
                  },
                },
                Object {
                  "createdAt": "2018-12-06 10:08:51",
                  "email": "Angelique.Ross@andela.com",
                  "level": "D0A Simulations",
                  "managerId": "UGD/TTL/2115",
                  "project": "Undefined",
                  "roleId": 1,
                  "status": "onTrack",
                  "updatedAt": "2018-12-06 10:08:51",
                  "user": Object {
                    "createdAt": "2018-12-06 10:08:50",
                    "email": "Angelique.Ross@andela.com",
                    "firstName": "Angelique",
                    "id": 48,
                    "lastName": "Ross",
                    "updatedAt": "2018-12-06 10:08:50",
                  },
                },
                Object {
                  "createdAt": "2018-12-06 10:08:51",
                  "email": "Victor.Fuentes@andela.com",
                  "level": "D0A Simulations",
                  "managerId": "UGD/TTL/2115",
                  "project": "Undefined",
                  "roleId": 1,
                  "status": "gteWk5OffTrack",
                  "updatedAt": "2018-12-06 10:08:51",
                  "user": Object {
                    "createdAt": "2018-12-06 10:08:50",
                    "email": "Victor.Fuentes@andela.com",
                    "firstName": "Victor",
                    "id": 51,
                    "lastName": "Fuentes",
                    "updatedAt": "2018-12-06 10:08:50",
                  },
                },
                Object {
                  "createdAt": "2018-12-06 10:08:51",
                  "email": "Bo.Mcneil@andela.com",
                  "level": "D0A Simulations",
                  "managerId": "UGD/TTL/2115",
                  "project": "Undefined",
                  "roleId": 1,
                  "status": "onTrack",
                  "updatedAt": "2018-12-06 10:08:51",
                  "user": Object {
                    "createdAt": "2018-12-06 10:08:50",
                    "email": "Bo.Mcneil@andela.com",
                    "firstName": "Bo",
                    "id": 52,
                    "lastName": "Mcneil",
                    "updatedAt": "2018-12-06 10:08:50",
                  },
                },
                Object {
                  "createdAt": "2018-12-06 10:08:51",
                  "email": "Cody.Mayo@andela.com",
                  "level": "D0A Simulations",
                  "managerId": "UGD/TTL/2115",
                  "project": "Undefined",
                  "roleId": 1,
                  "status": "gteWk5OffTrack",
                  "updatedAt": "2018-12-06 10:08:51",
                  "user": Object {
                    "createdAt": "2018-12-06 10:08:50",
                    "email": "Cody.Mayo@andela.com",
                    "firstName": "Cody",
                    "id": 53,
                    "lastName": "Mayo",
                    "updatedAt": "2018-12-06 10:08:50",
                  },
                },
                Object {
                  "createdAt": "2018-12-06 10:08:51",
                  "email": "Angel.Mack@andela.com",
                  "level": "D0A Simulations",
                  "managerId": "UGD/TTL/2115",
                  "project": "Undefined",
                  "roleId": 1,
                  "status": "onTrack",
                  "updatedAt": "2018-12-06 10:08:51",
                  "user": Object {
                    "createdAt": "2018-12-06 10:08:50",
                    "email": "Angel.Mack@andela.com",
                    "firstName": "Angel",
                    "id": 56,
                    "lastName": "Mack",
                    "updatedAt": "2018-12-06 10:08:50",
                  },
                },
                Object {
                  "createdAt": "2018-12-06 10:08:51",
                  "email": "Jarred.Michael@andela.com",
                  "level": "D0A Simulations",
                  "managerId": "UGD/TTL/2115",
                  "project": "Undefined",
                  "roleId": 1,
                  "status": "onTrack",
                  "updatedAt": "2018-12-06 10:08:51",
                  "user": Object {
                    "createdAt": "2018-12-06 10:08:50",
                    "email": "Jarred.Michael@andela.com",
                    "firstName": "Jarred",
                    "id": 57,
                    "lastName": "Michael",
                    "updatedAt": "2018-12-06 10:08:50",
                  },
                },
                Object {
                  "createdAt": "2018-12-06 10:08:51",
                  "email": "Jamal.Finley@andela.com",
                  "level": "D0A Simulations",
                  "managerId": "UGD/TTL/2115",
                  "project": "Undefined",
                  "roleId": 1,
                  "status": "gteWk5OffTrack",
                  "updatedAt": "2018-12-06 10:08:51",
                  "user": Object {
                    "createdAt": "2018-12-06 10:08:50",
                    "email": "Jamal.Finley@andela.com",
                    "firstName": "Jamal",
                    "id": 58,
                    "lastName": "Finley",
                    "updatedAt": "2018-12-06 10:08:50",
                  },
                },
                Object {
                  "createdAt": "2018-12-06 10:08:51",
                  "email": "Cleo.Fleming@andela.com",
                  "level": "D0A Simulations",
                  "managerId": "UGD/TTL/2115",
                  "project": "Undefined",
                  "roleId": 1,
                  "status": "gteWk5OffTrack",
                  "updatedAt": "2018-12-06 10:08:51",
                  "user": Object {
                    "createdAt": "2018-12-06 10:08:50",
                    "email": "Cleo.Fleming@andela.com",
                    "firstName": "Cleo",
                    "id": 61,
                    "lastName": "Fleming",
                    "updatedAt": "2018-12-06 10:08:50",
                  },
                },
                Object {
                  "createdAt": "2018-12-06 10:08:51",
                  "email": "Marla.Burnett@andela.com",
                  "level": "D0A Simulations",
                  "managerId": "UGD/TTL/2115",
                  "project": "Undefined",
                  "roleId": 1,
                  "status": "onTrack",
                  "updatedAt": "2018-12-06 10:08:51",
                  "user": Object {
                    "createdAt": "2018-12-06 10:08:50",
                    "email": "Marla.Burnett@andela.com",
                    "firstName": "Marla",
                    "id": 62,
                    "lastName": "Burnett",
                    "updatedAt": "2018-12-06 10:08:50",
                  },
                },
                Object {
                  "createdAt": "2018-12-06 10:08:51",
                  "email": "Geraldine.Miranda@andela.com",
                  "level": "D0A Simulations",
                  "managerId": "UGD/TTL/2115",
                  "project": "Undefined",
                  "roleId": 1,
                  "status": "onTrack",
                  "updatedAt": "2018-12-06 10:08:51",
                  "user": Object {
                    "createdAt": "2018-12-06 10:08:50",
                    "email": "Geraldine.Miranda@andela.com",
                    "firstName": "Geraldine",
                    "id": 63,
                    "lastName": "Miranda",
                    "updatedAt": "2018-12-06 10:08:50",
                  },
                },
                Object {
                  "createdAt": "2018-12-06 10:08:51",
                  "email": "Ashley.Lee@andela.com",
                  "level": "D0A Simulations",
                  "managerId": "UGD/TTL/2115",
                  "project": "Undefined",
                  "roleId": 1,
                  "status": "onTrack",
                  "updatedAt": "2018-12-06 10:08:51",
                  "user": Object {
                    "createdAt": "2018-12-06 10:08:50",
                    "email": "Ashley.Lee@andela.com",
                    "firstName": "Ashley",
                    "id": 66,
                    "lastName": "Lee",
                    "updatedAt": "2018-12-06 10:08:50",
                  },
                },
                Object {
                  "createdAt": "2018-12-06 10:08:51",
                  "email": "Thanh.Molina@andela.com",
                  "level": "D0A Simulations",
                  "managerId": "UGD/TTL/2115",
                  "project": "Undefined",
                  "roleId": 1,
                  "status": "onTrack",
                  "updatedAt": "2018-12-06 10:08:51",
                  "user": Object {
                    "createdAt": "2018-12-06 10:08:50",
                    "email": "Thanh.Molina@andela.com",
                    "firstName": "Thanh",
                    "id": 67,
                    "lastName": "Molina",
                    "updatedAt": "2018-12-06 10:08:50",
                  },
                },
                Object {
                  "createdAt": "2018-12-06 10:08:51",
                  "email": "Beatriz.Beasley@andela.com",
                  "level": "D0A Simulations",
                  "managerId": "UGD/TTL/2115",
                  "project": "Undefined",
                  "roleId": 1,
                  "status": "onTrack",
                  "updatedAt": "2018-12-06 10:08:51",
                  "user": Object {
                    "createdAt": "2018-12-06 10:08:50",
                    "email": "Beatriz.Beasley@andela.com",
                    "firstName": "Beatriz",
                    "id": 68,
                    "lastName": "Beasley",
                    "updatedAt": "2018-12-06 10:08:50",
                  },
                },
                Object {
                  "createdAt": "2018-12-06 10:08:51",
                  "email": "Wilbert.Brady@andela.com",
                  "level": "D0A Simulations",
                  "managerId": "UGD/TTL/2115",
                  "project": "Undefined",
                  "roleId": 1,
                  "status": "gteWk5OffTrack",
                  "updatedAt": "2018-12-06 10:08:51",
                  "user": Object {
                    "createdAt": "2018-12-06 10:08:50",
                    "email": "Wilbert.Brady@andela.com",
                    "firstName": "Wilbert",
                    "id": 71,
                    "lastName": "Brady",
                    "updatedAt": "2018-12-06 10:08:50",
                  },
                },
                Object {
                  "createdAt": "2018-12-06 10:08:51",
                  "email": "Darren.Waters@andela.com",
                  "level": "D0A Simulations",
                  "managerId": "UGD/TTL/2115",
                  "project": "Undefined",
                  "roleId": 1,
                  "status": "onTrack",
                  "updatedAt": "2018-12-06 10:08:51",
                  "user": Object {
                    "createdAt": "2018-12-06 10:08:50",
                    "email": "Darren.Waters@andela.com",
                    "firstName": "Darren",
                    "id": 72,
                    "lastName": "Waters",
                    "updatedAt": "2018-12-06 10:08:50",
                  },
                },
                Object {
                  "createdAt": "2018-12-06 10:08:51",
                  "email": "Jayne.Pollard@andela.com",
                  "level": "D0A Simulations",
                  "managerId": "UGD/TTL/2115",
                  "project": "Undefined",
                  "roleId": 1,
                  "status": "onTrack",
                  "updatedAt": "2018-12-06 10:08:51",
                  "user": Object {
                    "createdAt": "2018-12-06 10:08:50",
                    "email": "Jayne.Pollard@andela.com",
                    "firstName": "Jayne",
                    "id": 76,
                    "lastName": "Pollard",
                    "updatedAt": "2018-12-06 10:08:50",
                  },
                },
                Object {
                  "createdAt": "2018-12-06 10:08:51",
                  "email": "Sebastian.Blanchard@andela.com",
                  "level": "D0A Simulations",
                  "managerId": "UGD/TTL/2115",
                  "project": "Undefined",
                  "roleId": 1,
                  "status": "gteWk5OffTrack",
                  "updatedAt": "2018-12-06 10:08:51",
                  "user": Object {
                    "createdAt": "2018-12-06 10:08:50",
                    "email": "Sebastian.Blanchard@andela.com",
                    "firstName": "Sebastian",
                    "id": 77,
                    "lastName": "Blanchard",
                    "updatedAt": "2018-12-06 10:08:50",
                  },
                },
                Object {
                  "createdAt": "2018-12-06 10:08:51",
                  "email": "Lavern.Singleton@andela.com",
                  "level": "D0A Simulations",
                  "managerId": "UGD/TTL/2115",
                  "project": "Undefined",
                  "roleId": 1,
                  "status": "onTrack",
                  "updatedAt": "2018-12-06 10:08:51",
                  "user": Object {
                    "createdAt": "2018-12-06 10:08:50",
                    "email": "Lavern.Singleton@andela.com",
                    "firstName": "Lavern",
                    "id": 78,
                    "lastName": "Singleton",
                    "updatedAt": "2018-12-06 10:08:50",
                  },
                },
                Object {
                  "createdAt": "2018-12-06 10:08:51",
                  "email": "Bernadette.Koch@andela.com",
                  "level": "D0A Simulations",
                  "managerId": "UGD/TTL/2115",
                  "project": "Undefined",
                  "roleId": 1,
                  "status": "gteWk5OffTrack",
                  "updatedAt": "2018-12-06 10:08:51",
                  "user": Object {
                    "createdAt": "2018-12-06 10:08:50",
                    "email": "Bernadette.Koch@andela.com",
                    "firstName": "Bernadette",
                    "id": 81,
                    "lastName": "Koch",
                    "updatedAt": "2018-12-06 10:08:50",
                  },
                },
                Object {
                  "createdAt": "2018-12-06 10:08:51",
                  "email": "Darin.Bowen@andela.com",
                  "level": "D0A Simulations",
                  "managerId": "UGD/TTL/2115",
                  "project": "Undefined",
                  "roleId": 1,
                  "status": "gteWk5OffTrack",
                  "updatedAt": "2018-12-06 10:08:51",
                  "user": Object {
                    "createdAt": "2018-12-06 10:08:50",
                    "email": "Darin.Bowen@andela.com",
                    "firstName": "Darin",
                    "id": 82,
                    "lastName": "Bowen",
                    "updatedAt": "2018-12-06 10:08:50",
                  },
                },
              ],
              "firstName": "Innocent",
              "id": 2,
              "lastName": "Asiimwe",
              "roleId": 3,
              "staff_id": "UGD/TTL/2115",
              "updatedAt": "2018-12-06 10:13:21",
            },
          ]
    }
    managerFellowSortRatio="HIGH_TO_LOW"
    show={true}
    ttls={
        Array [
            Object {
              "createdAt": "2018-12-06 10:13:21",
              "email": "grace.samuel@andela.com",
              "fellows": Array [
                Object {
                  "createdAt": "2018-12-06 10:08:51",
                  "email": "Marjorie.Alexander@andela.com",
                  "level": "D0B Apprenticeship",
                  "managerId": "LOS/TTL/1012",
                  "project": "Undefined",
                  "roleId": 1,
                  "status": "gteWk5OffTrack",
                  "updatedAt": "2018-12-06 10:08:51",
                  "user": Object {
                    "createdAt": "2018-12-06 10:08:50",
                    "email": "Marjorie.Alexander@andela.com",
                    "firstName": "Marjorie",
                    "id": 4,
                    "lastName": "Alexander",
                    "updatedAt": "2018-12-06 10:08:50",
                  },
                },
                Object {
                  "createdAt": "2018-12-06 10:08:51",
                  "email": "onyedikachi.okwa@andela.com",
                  "level": "D0B Apprenticeship",
                  "managerId": "LOS/TTL/1012",
                  "project": "Tembea",
                  "roleId": 1,
                  "status": "gteWk5OffTrack",
                  "updatedAt": "2018-12-06 10:08:51",
                  "user": Object {
                    "createdAt": "2018-12-06 10:08:50",
                    "email": "onyedikachi.okwa@andela.com",
                    "firstName": "Onyedikachi",
                    "id": 5,
                    "lastName": "Okwa",
                    "updatedAt": "2018-12-06 10:08:50",
                  },
                },
                Object {
                  "createdAt": "2018-12-06 10:08:51",
                  "email": "Amber.Gill@andela.com",
                  "level": "D0B Apprenticeship",
                  "managerId": "LOS/TTL/1012",
                  "project": "Undefined",
                  "roleId": 1,
                  "status": "gteWk5OffTrack",
                  "updatedAt": "2018-12-06 10:08:51",
                  "user": Object {
                    "createdAt": "2018-12-06 10:08:50",
                    "email": "Amber.Gill@andela.com",
                    "firstName": "Amber",
                    "id": 8,
                    "lastName": "Gill",
                    "updatedAt": "2018-12-06 10:08:50",
                  },
                },
                Object {
                  "createdAt": "2018-12-06 10:08:51",
                  "email": "Lee.Hampton@andela.com",
                  "level": "D0B Apprenticeship",
                  "managerId": "LOS/TTL/1012",
                  "project": "Undefined",
                  "roleId": 1,
                  "status": "onTrack",
                  "updatedAt": "2018-12-06 10:08:51",
                  "user": Object {
                    "createdAt": "2018-12-06 10:08:50",
                    "email": "Lee.Hampton@andela.com",
                    "firstName": "Lee",
                    "id": 9,
                    "lastName": "Hampton",
                    "updatedAt": "2018-12-06 10:08:50",
                  },
                },
                Object {
                  "createdAt": "2018-12-06 10:08:51",
                  "email": "Edith.Estrada@andela.com",
                  "level": "D0B Apprenticeship",
                  "managerId": "LOS/TTL/1012",
                  "project": "Undefined",
                  "roleId": 1,
                  "status": "onTrack",
                  "updatedAt": "2018-12-06 10:08:51",
                  "user": Object {
                    "createdAt": "2018-12-06 10:08:50",
                    "email": "Edith.Estrada@andela.com",
                    "firstName": "Edith",
                    "id": 10,
                    "lastName": "Estrada",
                    "updatedAt": "2018-12-06 10:08:50",
                  },
                },
                Object {
                  "createdAt": "2018-12-06 10:08:51",
                  "email": "Sharon.Kelley@andela.com",
                  "level": "D0B Apprenticeship",
                  "managerId": "LOS/TTL/1012",
                  "project": "Undefined",
                  "roleId": 1,
                  "status": "gteWk5OffTrack",
                  "updatedAt": "2018-12-06 10:08:51",
                  "user": Object {
                    "createdAt": "2018-12-06 10:08:50",
                    "email": "Sharon.Kelley@andela.com",
                    "firstName": "Sharon",
                    "id": 14,
                    "lastName": "Kelley",
                    "updatedAt": "2018-12-06 10:08:50",
                  },
                },
                Object {
                  "createdAt": "2018-12-06 10:08:51",
                  "email": "Phillip.Johnson@andela.com",
                  "level": "D0B Apprenticeship",
                  "managerId": "LOS/TTL/1012",
                  "project": "Undefined",
                  "roleId": 1,
                  "status": "onTrack",
                  "updatedAt": "2018-12-06 10:08:51",
                  "user": Object {
                    "createdAt": "2018-12-06 10:08:50",
                    "email": "Phillip.Johnson@andela.com",
                    "firstName": "Phillip",
                    "id": 15,
                    "lastName": "Johnson",
                    "updatedAt": "2018-12-06 10:08:50",
                  },
                },
                Object {
                  "createdAt": "2018-12-06 10:08:51",
                  "email": "Mindy.Ball@andela.com",
                  "level": "D0B Apprenticeship",
                  "managerId": "LOS/TTL/1012",
                  "project": "Undefined",
                  "roleId": 1,
                  "status": "gteWk5OffTrack",
                  "updatedAt": "2018-12-06 10:08:51",
                  "user": Object {
                    "createdAt": "2018-12-06 10:08:50",
                    "email": "Mindy.Ball@andela.com",
                    "firstName": "Mindy",
                    "id": 18,
                    "lastName": "Ball",
                    "updatedAt": "2018-12-06 10:08:50",
                  },
                },
                Object {
                  "createdAt": "2018-12-06 10:08:51",
                  "email": "Sue.Thornton@andela.com",
                  "level": "D0B Apprenticeship",
                  "managerId": "LOS/TTL/1012",
                  "project": "Undefined",
                  "roleId": 1,
                  "status": "gteWk5OffTrack",
                  "updatedAt": "2018-12-06 10:08:51",
                  "user": Object {
                    "createdAt": "2018-12-06 10:08:50",
                    "email": "Sue.Thornton@andela.com",
                    "firstName": "Sue",
                    "id": 19,
                    "lastName": "Thornton",
                    "updatedAt": "2018-12-06 10:08:50",
                  },
                },
                Object {
                  "createdAt": "2018-12-06 10:08:51",
                  "email": "Jerald.Reese@andela.com",
                  "level": "D0B Apprenticeship",
                  "managerId": "LOS/TTL/1012",
                  "project": "Undefined",
                  "roleId": 1,
                  "status": "gteWk5OffTrack",
                  "updatedAt": "2018-12-06 10:08:51",
                  "user": Object {
                    "createdAt": "2018-12-06 10:08:50",
                    "email": "Jerald.Reese@andela.com",
                    "firstName": "Jerald",
                    "id": 20,
                    "lastName": "Reese",
                    "updatedAt": "2018-12-06 10:08:50",
                  },
                },
                Object {
                  "createdAt": "2018-12-06 10:08:51",
                  "email": "Jake.Harvey@andela.com",
                  "level": "D0B Apprenticeship",
                  "managerId": "LOS/TTL/1012",
                  "project": "Undefined",
                  "roleId": 1,
                  "status": "gteWk5OffTrack",
                  "updatedAt": "2018-12-06 10:08:51",
                  "user": Object {
                    "createdAt": "2018-12-06 10:08:50",
                    "email": "Jake.Harvey@andela.com",
                    "firstName": "Jake",
                    "id": 24,
                    "lastName": "Harvey",
                    "updatedAt": "2018-12-06 10:08:50",
                  },
                },
                Object {
                  "createdAt": "2018-12-06 10:08:51",
                  "email": "Irvin.Diaz@andela.com",
                  "level": "D0B Apprenticeship",
                  "managerId": "LOS/TTL/1012",
                  "project": "Undefined",
                  "roleId": 1,
                  "status": "gteWk5OffTrack",
                  "updatedAt": "2018-12-06 10:08:51",
                  "user": Object {
                    "createdAt": "2018-12-06 10:08:50",
                    "email": "Irvin.Diaz@andela.com",
                    "firstName": "Irvin",
                    "id": 25,
                    "lastName": "Diaz",
                    "updatedAt": "2018-12-06 10:08:50",
                  },
                },
                Object {
                  "createdAt": "2018-12-06 10:08:51",
                  "email": "Dan.Griffith@andela.com",
                  "level": "D0B Apprenticeship",
                  "managerId": "LOS/TTL/1012",
                  "project": "Undefined",
                  "roleId": 1,
                  "status": "gteWk5OffTrack",
                  "updatedAt": "2018-12-06 10:08:51",
                  "user": Object {
                    "createdAt": "2018-12-06 10:08:50",
                    "email": "Dan.Griffith@andela.com",
                    "firstName": "Dan",
                    "id": 28,
                    "lastName": "Griffith",
                    "updatedAt": "2018-12-06 10:08:50",
                  },
                },
                Object {
                  "createdAt": "2018-12-06 10:08:51",
                  "email": "Jeffrey.Parsons@andela.com",
                  "level": "D0B Apprenticeship",
                  "managerId": "LOS/TTL/1012",
                  "project": "Undefined",
                  "roleId": 1,
                  "status": "gteWk5OffTrack",
                  "updatedAt": "2018-12-06 10:08:51",
                  "user": Object {
                    "createdAt": "2018-12-06 10:08:50",
                    "email": "Jeffrey.Parsons@andela.com",
                    "firstName": "Jeffrey",
                    "id": 29,
                    "lastName": "Parsons",
                    "updatedAt": "2018-12-06 10:08:50",
                  },
                },
                Object {
                  "createdAt": "2018-12-06 10:08:51",
                  "email": "Tabitha.Sims@andela.com",
                  "level": "D0B Apprenticeship",
                  "managerId": "LOS/TTL/1012",
                  "project": "Undefined",
                  "roleId": 1,
                  "status": "onTrack",
                  "updatedAt": "2018-12-06 10:08:51",
                  "user": Object {
                    "createdAt": "2018-12-06 10:08:50",
                    "email": "Tabitha.Sims@andela.com",
                    "firstName": "Tabitha",
                    "id": 30,
                    "lastName": "Sims",
                    "updatedAt": "2018-12-06 10:08:50",
                  },
                },
                Object {
                  "createdAt": "2018-12-06 10:08:51",
                  "email": "Andy.Rodriquez@andela.com",
                  "level": "D0B Apprenticeship",
                  "managerId": "LOS/TTL/1012",
                  "project": "Undefined",
                  "roleId": 1,
                  "status": "ltWk5OffTrack",
                  "updatedAt": "2018-12-06 10:08:51",
                  "user": Object {
                    "createdAt": "2018-12-06 10:08:50",
                    "email": "Andy.Rodriquez@andela.com",
                    "firstName": "Andy",
                    "id": 34,
                    "lastName": "Rodriquez",
                    "updatedAt": "2018-12-06 10:08:50",
                  },
                },
                Object {
                  "createdAt": "2018-12-06 10:08:51",
                  "email": "Darnell.Hale@andela.com",
                  "level": "D0B Apprenticeship",
                  "managerId": "LOS/TTL/1012",
                  "project": "Undefined",
                  "roleId": 1,
                  "status": "ltWk5OffTrack",
                  "updatedAt": "2018-12-06 10:08:51",
                  "user": Object {
                    "createdAt": "2018-12-06 10:08:50",
                    "email": "Darnell.Hale@andela.com",
                    "firstName": "Darnell",
                    "id": 35,
                    "lastName": "Hale",
                    "updatedAt": "2018-12-06 10:08:50",
                  },
                },
                Object {
                  "createdAt": "2018-12-06 10:08:51",
                  "email": "Orlando.Sullivan@andela.com",
                  "level": "D0B Apprenticeship",
                  "managerId": "LOS/TTL/1012",
                  "project": "Undefined",
                  "roleId": 1,
                  "status": "onTrack",
                  "updatedAt": "2018-12-06 10:08:51",
                  "user": Object {
                    "createdAt": "2018-12-06 10:08:50",
                    "email": "Orlando.Sullivan@andela.com",
                    "firstName": "Orlando",
                    "id": 38,
                    "lastName": "Sullivan",
                    "updatedAt": "2018-12-06 10:08:50",
                  },
                },
                Object {
                  "createdAt": "2018-12-06 10:08:51",
                  "email": "Vickie.Daniels@andela.com",
                  "level": "D0B Apprenticeship",
                  "managerId": "LOS/TTL/1012",
                  "project": "Undefined",
                  "roleId": 1,
                  "status": "ltWk5OffTrack",
                  "updatedAt": "2018-12-06 10:08:51",
                  "user": Object {
                    "createdAt": "2018-12-06 10:08:50",
                    "email": "Vickie.Daniels@andela.com",
                    "firstName": "Vickie",
                    "id": 39,
                    "lastName": "Daniels",
                    "updatedAt": "2018-12-06 10:08:50",
                  },
                },
                Object {
                  "createdAt": "2018-12-06 10:08:51",
                  "email": "Mary.Robinson@andela.com",
                  "level": "D0B Apprenticeship",
                  "managerId": "LOS/TTL/1012",
                  "project": "Undefined",
                  "roleId": 1,
                  "status": "onTrack",
                  "updatedAt": "2018-12-06 10:08:51",
                  "user": Object {
                    "createdAt": "2018-12-06 10:08:50",
                    "email": "Mary.Robinson@andela.com",
                    "firstName": "Mary",
                    "id": 40,
                    "lastName": "Robinson",
                    "updatedAt": "2018-12-06 10:08:50",
                  },
                },
              ],
              "firstName": "Grace",
              "id": 1,
              "lastName": "Samuel",
              "roleId": 2,
              "staff_id": "LOS/TTL/1012",
              "updatedAt": "2018-12-06 10:13:21",
            },
            Object {
              "createdAt": "2018-12-06 10:13:21",
              "email": "trust.birungi@andela.com",
              "fellows": Array [
                Object {
                  "createdAt": "2018-12-06 10:08:51",
                  "email": "folajimi.ogunbadejo@andela.com",
                  "level": "D0B Apprenticeship",
                  "managerId": "UGD/TTL/2135",
                  "project": "WatchTower",
                  "roleId": 1,
                  "status": "onTrack",
                  "updatedAt": "2018-12-06 10:08:51",
                  "user": Object {
                    "createdAt": "2018-12-06 10:08:50",
                    "email": "folajimi.ogunbadejo@andela.com",
                    "firstName": "Folajimi",
                    "id": 1,
                    "lastName": "Ogunbadejo",
                    "updatedAt": "2018-12-06 10:08:50",
                  },
                },
                Object {
                  "createdAt": "2018-12-06 10:08:51",
                  "email": "Ricky.Sharp@andela.com",
                  "level": "D0B Apprenticeship",
                  "managerId": "UGD/TTL/2135",
                  "project": "Undefined",
                  "roleId": 1,
                  "status": "onTrack",
                  "updatedAt": "2018-12-06 10:08:51",
                  "user": Object {
                    "createdAt": "2018-12-06 10:08:50",
                    "email": "Ricky.Sharp@andela.com",
                    "firstName": "Ricky",
                    "id": 2,
                    "lastName": "Sharp",
                    "updatedAt": "2018-12-06 10:08:50",
                  },
                },
                Object {
                  "createdAt": "2018-12-06 10:08:51",
                  "email": "matthew.porter@andela.com",
                  "level": "D0B Apprenticeship",
                  "managerId": "UGD/TTL/2135",
                  "project": "Undefined",
                  "roleId": 1,
                  "status": "gteWk5OffTrack",
                  "updatedAt": "2018-12-06 10:08:51",
                  "user": Object {
                    "createdAt": "2018-12-06 10:08:50",
                    "email": "matthew.porter@andela.com",
                    "firstName": "Matthew",
                    "id": 3,
                    "lastName": "Potter",
                    "updatedAt": "2018-12-06 10:08:50",
                  },
                },
                Object {
                  "createdAt": "2018-12-06 10:08:51",
                  "email": "tovieye.ozi@andela.com",
                  "level": "D0B Apprenticeship",
                  "managerId": "UGD/TTL/2135",
                  "project": "Converge",
                  "roleId": 1,
                  "status": "onTrack",
                  "updatedAt": "2018-12-06 10:08:51",
                  "user": Object {
                    "createdAt": "2018-12-06 10:08:50",
                    "email": "tovieye.ozi@andela.com",
                    "firstName": "Tovieye",
                    "id": 6,
                    "lastName": "Ozi",
                    "updatedAt": "2018-12-06 10:08:50",
                  },
                },
                Object {
                  "createdAt": "2018-12-06 10:08:51",
                  "email": "Gregory.Webster@andela.com",
                  "level": "D0B Apprenticeship",
                  "managerId": "UGD/TTL/2135",
                  "project": "Undefined",
                  "roleId": 1,
                  "status": "gteWk5OffTrack",
                  "updatedAt": "2018-12-06 10:08:51",
                  "user": Object {
                    "createdAt": "2018-12-06 10:08:50",
                    "email": "Gregory.Webster@andela.com",
                    "firstName": "Gregory",
                    "id": 7,
                    "lastName": "Webster",
                    "updatedAt": "2018-12-06 10:08:50",
                  },
                },
                Object {
                  "createdAt": "2018-12-06 10:08:51",
                  "email": "James.Katarikawe@andela.com",
                  "level": "D0B Apprenticeship",
                  "managerId": "UGD/TTL/2135",
                  "project": "WatchTower",
                  "roleId": 1,
                  "status": "gteWk5OffTrack",
                  "updatedAt": "2018-12-06 10:08:51",
                  "user": Object {
                    "createdAt": "2018-12-06 10:08:50",
                    "email": "James.Katarikawe@andela.com",
                    "firstName": "James",
                    "id": 11,
                    "lastName": "Katarikawe",
                    "updatedAt": "2018-12-06 10:08:50",
                  },
                },
                Object {
                  "createdAt": "2018-12-06 10:08:51",
                  "email": "Percy.Greer@andela.com",
                  "level": "D0B Apprenticeship",
                  "managerId": "UGD/TTL/2135",
                  "project": "Undefined",
                  "roleId": 1,
                  "status": "gteWk5OffTrack",
                  "updatedAt": "2018-12-06 10:08:51",
                  "user": Object {
                    "createdAt": "2018-12-06 10:08:50",
                    "email": "Percy.Greer@andela.com",
                    "firstName": "Percy",
                    "id": 12,
                    "lastName": "Greer",
                    "updatedAt": "2018-12-06 10:08:50",
                  },
                },
                Object {
                  "createdAt": "2018-12-06 10:08:51",
                  "email": "Wallace.Hughes@andela.com",
                  "level": "D0B Apprenticeship",
                  "managerId": "UGD/TTL/2135",
                  "project": "Undefined",
                  "roleId": 1,
                  "status": "gteWk5OffTrack",
                  "updatedAt": "2018-12-06 10:08:51",
                  "user": Object {
                    "createdAt": "2018-12-06 10:08:50",
                    "email": "Wallace.Hughes@andela.com",
                    "firstName": "Wallace",
                    "id": 13,
                    "lastName": "Hughes",
                    "updatedAt": "2018-12-06 10:08:50",
                  },
                },
                Object {
                  "createdAt": "2018-12-06 10:08:51",
                  "email": "Manuel.Castillo@andela.com",
                  "level": "D0B Apprenticeship",
                  "managerId": "UGD/TTL/2135",
                  "project": "Undefined",
                  "roleId": 1,
                  "status": "gteWk5OffTrack",
                  "updatedAt": "2018-12-06 10:08:51",
                  "user": Object {
                    "createdAt": "2018-12-06 10:08:50",
                    "email": "Manuel.Castillo@andela.com",
                    "firstName": "Manuel",
                    "id": 16,
                    "lastName": "Castillo",
                    "updatedAt": "2018-12-06 10:08:50",
                  },
                },
                Object {
                  "createdAt": "2018-12-06 10:08:51",
                  "email": "Faye.Simpson@andela.com",
                  "level": "D0B Apprenticeship",
                  "managerId": "UGD/TTL/2135",
                  "project": "Undefined",
                  "roleId": 1,
                  "status": "onTrack",
                  "updatedAt": "2018-12-06 10:08:51",
                  "user": Object {
                    "createdAt": "2018-12-06 10:08:50",
                    "email": "Faye.Simpson@andela.com",
                    "firstName": "Faye",
                    "id": 17,
                    "lastName": "Simpson",
                    "updatedAt": "2018-12-06 10:08:50",
                  },
                },
                Object {
                  "createdAt": "2018-12-06 10:08:51",
                  "email": "Innocent.Asiimwe@andela.com",
                  "level": "D0B Apprenticeship",
                  "managerId": "UGD/TTL/2135",
                  "project": "Undefined",
                  "roleId": 1,
                  "status": "gteWk5OffTrack",
                  "updatedAt": "2018-12-06 10:08:51",
                  "user": Object {
                    "createdAt": "2018-12-06 10:08:50",
                    "email": "Innocent.Asiimwe@andela.com",
                    "firstName": "Innocent",
                    "id": 21,
                    "lastName": "Asiimwe",
                    "updatedAt": "2018-12-06 10:08:50",
                  },
                },
                Object {
                  "createdAt": "2018-12-06 10:08:51",
                  "email": "Bryan.Ruiz@andela.com",
                  "level": "D0B Apprenticeship",
                  "managerId": "UGD/TTL/2135",
                  "project": "Undefined",
                  "roleId": 1,
                  "status": "gteWk5OffTrack",
                  "updatedAt": "2018-12-06 10:08:51",
                  "user": Object {
                    "createdAt": "2018-12-06 10:08:50",
                    "email": "Bryan.Ruiz@andela.com",
                    "firstName": "Bryan",
                    "id": 22,
                    "lastName": "Ruiz",
                    "updatedAt": "2018-12-06 10:08:50",
                  },
                },
                Object {
                  "createdAt": "2018-12-06 10:08:51",
                  "email": "Kenny.Bishop@andela.com",
                  "level": "D0B Apprenticeship",
                  "managerId": "UGD/TTL/2135",
                  "project": "Undefined",
                  "roleId": 1,
                  "status": "gteWk5OffTrack",
                  "updatedAt": "2018-12-06 10:08:51",
                  "user": Object {
                    "createdAt": "2018-12-06 10:08:50",
                    "email": "Kenny.Bishop@andela.com",
                    "firstName": "Kenny",
                    "id": 23,
                    "lastName": "Bishop",
                    "updatedAt": "2018-12-06 10:08:50",
                  },
                },
                Object {
                  "createdAt": "2018-12-06 10:08:51",
                  "email": "Ronald.Mutebi@andela.com",
                  "level": "D0B Apprenticeship",
                  "managerId": "UGD/TTL/2135",
                  "project": "Activo",
                  "roleId": 1,
                  "status": "gteWk5OffTrack",
                  "updatedAt": "2018-12-06 10:08:51",
                  "user": Object {
                    "createdAt": "2018-12-06 10:08:50",
                    "email": "Ronald.Mutebi@andela.com",
                    "firstName": "Ronald",
                    "id": 26,
                    "lastName": "Mutebi",
                    "updatedAt": "2018-12-06 10:08:50",
                  },
                },
                Object {
                  "createdAt": "2018-12-06 10:08:51",
                  "email": "Delores.Norton@andela.com",
                  "level": "D0B Apprenticeship",
                  "managerId": "UGD/TTL/2135",
                  "project": "Undefined",
                  "roleId": 1,
                  "status": "onTrack",
                  "updatedAt": "2018-12-06 10:08:51",
                  "user": Object {
                    "createdAt": "2018-12-06 10:08:50",
                    "email": "Delores.Norton@andela.com",
                    "firstName": "Delores",
                    "id": 27,
                    "lastName": "Norton",
                    "updatedAt": "2018-12-06 10:08:50",
                  },
                },
                Object {
                  "createdAt": "2018-12-06 10:08:51",
                  "email": "Herbert.Ortega@andela.com",
                  "level": "D0B Apprenticeship",
                  "managerId": "UGD/TTL/2135",
                  "project": "Undefined",
                  "roleId": 1,
                  "status": "ltWk5OffTrack",
                  "updatedAt": "2018-12-06 10:08:51",
                  "user": Object {
                    "createdAt": "2018-12-06 10:08:50",
                    "email": "Herbert.Ortega@andela.com",
                    "firstName": "Herbert",
                    "id": 31,
                    "lastName": "Ortega",
                    "updatedAt": "2018-12-06 10:08:50",
                  },
                },
                Object {
                  "createdAt": "2018-12-06 10:08:51",
                  "email": "Terry.Waters@andela.com",
                  "level": "D0B Apprenticeship",
                  "managerId": "UGD/TTL/2135",
                  "project": "Undefined",
                  "roleId": 1,
                  "status": "ltWk5OffTrack",
                  "updatedAt": "2018-12-06 10:08:51",
                  "user": Object {
                    "createdAt": "2018-12-06 10:08:50",
                    "email": "Terry.Waters@andela.com",
                    "firstName": "Terry",
                    "id": 32,
                    "lastName": "Waters",
                    "updatedAt": "2018-12-06 10:08:50",
                  },
                },
                Object {
                  "createdAt": "2018-12-06 10:08:51",
                  "email": "Kristopher.Marshall@andela.com",
                  "level": "D0B Apprenticeship",
                  "managerId": "UGD/TTL/2135",
                  "project": "Undefined",
                  "roleId": 1,
                  "status": "ltWk5OffTrack",
                  "updatedAt": "2018-12-06 10:08:51",
                  "user": Object {
                    "createdAt": "2018-12-06 10:08:50",
                    "email": "Kristopher.Marshall@andela.com",
                    "firstName": "Kristopher",
                    "id": 33,
                    "lastName": "Marshall",
                    "updatedAt": "2018-12-06 10:08:50",
                  },
                },
                Object {
                  "createdAt": "2018-12-06 10:08:51",
                  "email": "Drew.Newton@andela.com",
                  "level": "D0B Apprenticeship",
                  "managerId": "UGD/TTL/2135",
                  "project": "Undefined",
                  "roleId": 1,
                  "status": "ltWk5OffTrack",
                  "updatedAt": "2018-12-06 10:08:51",
                  "user": Object {
                    "createdAt": "2018-12-06 10:08:50",
                    "email": "Drew.Newton@andela.com",
                    "firstName": "Drew",
                    "id": 36,
                    "lastName": "Newton",
                    "updatedAt": "2018-12-06 10:08:50",
                  },
                },
                Object {
                  "createdAt": "2018-12-06 10:08:51",
                  "email": "Tracy.Erickson@andela.com",
                  "level": "D0B Apprenticeship",
                  "managerId": "UGD/TTL/2135",
                  "project": "Undefined",
                  "roleId": 1,
                  "status": "onTrack",
                  "updatedAt": "2018-12-06 10:08:51",
                  "user": Object {
                    "createdAt": "2018-12-06 10:08:50",
                    "email": "Tracy.Erickson@andela.com",
                    "firstName": "Tracy",
                    "id": 37,
                    "lastName": "Erickson",
                    "updatedAt": "2018-12-06 10:08:50",
                  },
                },
              ],
              "firstName": "Trust",
              "id": 2,
              "lastName": "Birungi",
              "roleId": 2,
              "staff_id": "UGD/TTL/2135",
              "updatedAt": "2018-12-06 10:13:21",
            },
          ]
    }
    user={
        Object {
            "name": "test",
            "picture": "http://",
          }
    }
/>,
  Symbol(enzyme.__renderer__): Object {
    "batchedUpdates": [Function],
    "getNode": [Function],
    "render": [Function],
    "simulateError": [Function],
    "simulateEvent": [Function],
    "unmount": [Function],
  },
  Symbol(enzyme.__node__): Object {
    "instance": null,
    "key": undefined,
    "nodeType": "host",
    "props": Object {
      "children": Array [
        <Connect(FellowsSummaryChart)
          user={
                    Object {
                              "name": "test",
                              "picture": "http://",
                            }
          }
/>,
        <FellowRatio
          fellowMapOnClick={[Function]}
          mapDisplayContent={[Function]}
/>,
        false,
        <Connect(FellowsProgress) />,
      ],
      "className": "container-fluid",
      "style": Object {
        "paddingBottom": "49px",
        "paddingLeft": "0",
        "paddingRight": "0",
      },
    },
    "ref": null,
    "rendered": Array [
      Object {
        "instance": null,
        "key": undefined,
        "nodeType": "class",
        "props": Object {
          "user": Object {
            "name": "test",
            "picture": "http://",
          },
        },
        "ref": null,
        "rendered": null,
        "type": [Function],
      },
      Object {
        "instance": null,
        "key": undefined,
        "nodeType": "function",
        "props": Object {
          "fellowMapOnClick": [Function],
          "mapDisplayContent": [Function],
        },
        "ref": null,
        "rendered": null,
        "type": [Function],
      },
      false,
      Object {
        "instance": null,
        "key": undefined,
        "nodeType": "class",
        "props": Object {},
        "ref": null,
        "rendered": null,
        "type": [Function],
      },
    ],
    "type": "div",
  },
  Symbol(enzyme.__nodes__): Array [
    Object {
      "instance": null,
      "key": undefined,
      "nodeType": "host",
      "props": Object {
        "children": Array [
          <Connect(FellowsSummaryChart)
            user={
                        Object {
                                    "name": "test",
                                    "picture": "http://",
                                  }
            }
/>,
          <FellowRatio
            fellowMapOnClick={[Function]}
            mapDisplayContent={[Function]}
/>,
          false,
          <Connect(FellowsProgress) />,
        ],
        "className": "container-fluid",
        "style": Object {
          "paddingBottom": "49px",
          "paddingLeft": "0",
          "paddingRight": "0",
        },
      },
      "ref": null,
      "rendered": Array [
        Object {
          "instance": null,
          "key": undefined,
          "nodeType": "class",
          "props": Object {
            "user": Object {
              "name": "test",
              "picture": "http://",
            },
          },
          "ref": null,
          "rendered": null,
          "type": [Function],
        },
        Object {
          "instance": null,
          "key": undefined,
          "nodeType": "function",
          "props": Object {
            "fellowMapOnClick": [Function],
            "mapDisplayContent": [Function],
          },
          "ref": null,
          "rendered": null,
          "type": [Function],
        },
        false,
        Object {
          "instance": null,
          "key": undefined,
          "nodeType": "class",
          "props": Object {},
          "ref": null,
          "rendered": null,
          "type": [Function],
        },
      ],
      "type": "div",
    },
  ],
  Symbol(enzyme.__options__): Object {
    "adapter": ReactSixteenAdapter {
      "options": Object {
        "enableComponentDidUpdateOnSetState": true,
        "lifecycles": Object {
          "componentDidUpdate": Object {
            "onSetState": true,
          },
          "getDerivedStateFromProps": true,
          "getSnapshotBeforeUpdate": true,
          "setState": Object {
            "skipsComponentDidUpdateOnNullish": true,
          },
        },
      },
    },
  },
}
`;
