// Jest Snapshot v1, https://goo.gl/fbAQLP

exports[`Table should render correctly 1`] = `
<Fragment>
  <div
    className="panel"
  >
    <div
      className="panel-heading"
    >
      <div
        className="row"
      >
        <div
          className="col col-xs-6 search-panel"
        >
          <div
            className="searchbar"
          >
            <input
              className="search_input"
              name=""
              onChange={[MockFunction]}
              placeholder="Search..."
              type="text"
            />
            <Link
              className="search_icon"
              replace={false}
              to="!#"
            >
              <i
                className="fas fa-search"
              />
            </Link>
          </div>
        </div>
        <div
          className="col sort-btn col-xs-6 text-right"
        >
          <button
            className="btn export-btn btn-sm btn-default"
            type="button"
          >
            Export Csv
          </button>
          <button
            className="btn filter-btn btn-sm btn-default"
            type="button"
          >
            Export Pdf
          </button>
        </div>
      </div>
      <br />
    </div>
  </div>
  <div
    className="table-overflow"
  >
    <table
      className="stats-table"
    >
      <tr>
        <th
          className=" header-title"
          key="Engineer Name"
        >
          Engineer Name
        </th>
        <th
          className=" header-title"
          key="Email"
        >
          Email
        </th>
        <th
          className=" header-title"
          key="Role"
        >
          Role
        </th>
        <th
          className=" header-title"
          key="Project"
        >
          Project
        </th>
        <th
          className=" header-title"
          key="Account Status"
        >
          Account Status
        </th>
        <th
          className=" header-title"
          key="Cohort"
        >
          Cohort
        </th>
        <th
          className=" header-title"
          key="Appr End Date"
        >
          Appr End Date
        </th>
        <th
          className=" header-title"
          key="Cadre Start Date"
        >
          Cadre Start Date
        </th>
      </tr>
      <tbody>
        <tr
          className="table-row"
          key="5"
        >
          <td
            data-th=""
          >
            <div
              className="row username-row"
            >
              <div
                className="col-sm-2 image-column"
              >
                <img
                  alt="..."
                  className="img-responsive"
                  src="https://lorempixel.com/100/100/people/?23475"
                />
              </div>
              <div
                className="col-sm-10 name-column"
              >
                Baker Sekitoleko
              </div>
              <div
                className="col-sm-10 initials"
              >
                BS
              </div>
            </div>
          </td>
          <td
            data-th=" Price"
          >
            baker.sekitoleko@andela.com
          </td>
          <td
            className=""
          />
          <td
            className=""
          >
            -
          </td>
          <td
            data-th=""
          >
            <div
              className="status-color"
            >
              <small>
                <span
                  className="color inactive"
                />
                Inactive
              </small>
            </div>
          </td>
          <td
            className=""
          >
            KLA-5
          </td>
          <td
            className="text-center"
          >
            June 24, 2019
          </td>
          <td
            className="text-center"
          >
            -
          </td>
        </tr>
        <tr
          className="table-row"
          key="3"
        >
          <td
            data-th=""
          >
            <div
              className="row username-row"
            >
              <div
                className="col-sm-2 image-column"
              >
                <img
                  alt="..."
                  className="img-responsive"
                  src="https://lorempixel.com/100/100/people/?43935"
                />
              </div>
              <div
                className="col-sm-10 name-column"
              >
                Brian Bett
              </div>
              <div
                className="col-sm-10 initials"
              >
                BB
              </div>
            </div>
          </td>
          <td
            data-th=" Price"
          >
            brian.bett@andela.com
          </td>
          <td
            className=""
          />
          <td
            className=""
          >
            -
          </td>
          <td
            data-th=""
          >
            <div
              className="status-color"
            >
              <small>
                <span
                  className="color inactive"
                />
                Inactive
              </small>
            </div>
          </td>
          <td
            className=""
          >
            KLA-3
          </td>
          <td
            className="text-center"
          >
            June 29, 2019
          </td>
          <td
            className="text-center"
          >
            -
          </td>
        </tr>
        <tr
          className="table-row"
          key="7"
        >
          <td
            data-th=""
          >
            <div
              className="row username-row"
            >
              <div
                className="col-sm-2 image-column"
              >
                <img
                  alt="..."
                  className="img-responsive"
                  src="https://lorempixel.com/100/100/people/?39044"
                />
              </div>
              <div
                className="col-sm-10 name-column"
              >
                Brian Ashiundu
              </div>
              <div
                className="col-sm-10 initials"
              >
                BA
              </div>
            </div>
          </td>
          <td
            data-th=" Price"
          >
            brian.mboya@andela.com
          </td>
          <td
            className=""
          >
            -
          </td>
          <td
            className=""
          >
            -
          </td>
          <td
            data-th=""
          >
            <div
              className="status-color"
            >
              <small>
                <span
                  className="color inactive"
                />
                Inactive
              </small>
            </div>
          </td>
          <td
            className=""
          >
            KLA-7
          </td>
          <td
            className="text-center"
          >
            June 14, 2019
          </td>
          <td
            className="text-center"
          >
            -
          </td>
        </tr>
        <tr
          className="table-row"
          key="1"
        >
          <td
            data-th=""
          >
            <div
              className="row username-row"
            >
              <div
                className="col-sm-2 image-column"
              >
                <img
                  alt="..."
                  className="img-responsive"
                  src="https://lorempixel.com/100/100/people/?39044"
                />
              </div>
              <div
                className="col-sm-10 name-column"
              >
                Chidozie Nwoga
              </div>
              <div
                className="col-sm-10 initials"
              >
                CN
              </div>
            </div>
          </td>
          <td
            data-th=" Price"
          >
            chidozie.nwoga@andela.com
          </td>
          <td
            className=""
          />
          <td
            className=""
          >
            -
          </td>
          <td
            data-th=""
          >
            <div
              className="status-color"
            >
              <small>
                <span
                  className="color inactive"
                />
                Inactive
              </small>
            </div>
          </td>
          <td
            className=""
          >
            KLA-1
          </td>
          <td
            className="text-center"
          >
            June 26, 2019
          </td>
          <td
            className="text-center"
          >
            07/26/2019
          </td>
        </tr>
        <tr
          className="table-row"
          key="4"
        >
          <td
            data-th=""
          >
            <div
              className="row username-row"
            >
              <div
                className="col-sm-2 image-column"
              >
                <img
                  alt="..."
                  className="img-responsive"
                  src="https://lorempixel.com/100/100/people/?13109"
                />
              </div>
              <div
                className="col-sm-10 name-column"
              >
                Collins Muru
              </div>
              <div
                className="col-sm-10 initials"
              >
                CM
              </div>
            </div>
          </td>
          <td
            data-th=" Price"
          >
            collins.muru@andela.com
          </td>
          <td
            className=""
          />
          <td
            className=""
          >
            -
          </td>
          <td
            data-th=""
          >
            <div
              className="status-color"
            >
              <small>
                <span
                  className="color inactive"
                />
                Inactive
              </small>
            </div>
          </td>
          <td
            className=""
          >
            KLA-4
          </td>
          <td
            className="text-center"
          >
            June 15, 2019
          </td>
          <td
            className="text-center"
          >
            -
          </td>
        </tr>
        <tr
          className="table-row"
          key="17"
        >
          <td
            data-th=""
          >
            <div
              className="row username-row"
            >
              <div
                className="col-sm-2 image-column"
              >
                <img
                  alt="..."
                  className="img-responsive"
                  src="https://lorempixel.com/100/100/people/?23475"
                />
              </div>
              <div
                className="col-sm-10 name-column"
              >
                Didunloluwa  Morodolu
              </div>
              <div
                className="col-sm-10 initials"
              >
                DM
              </div>
            </div>
          </td>
          <td
            data-th=" Price"
          >
            didunloluwa.morodolu@andela.com
          </td>
          <td
            className=""
          >
            -
          </td>
          <td
            className=""
          >
            -
          </td>
          <td
            data-th=""
          >
            <div
              className="status-color"
            >
              <small>
                <span
                  className="color inactive"
                />
                Inactive
              </small>
            </div>
          </td>
          <td
            className=""
          >
            NBO-9
          </td>
          <td
            className="text-center"
          >
            June 19, 2019
          </td>
          <td
            className="text-center"
          >
            -
          </td>
        </tr>
        <tr
          className="table-row"
          key="8"
        >
          <td
            data-th=""
          >
            <div
              className="row username-row"
            >
              <div
                className="col-sm-2 image-column"
              >
                <img
                  alt="..."
                  className="img-responsive"
                  src="https://lorempixel.com/100/100/people/?35451"
                />
              </div>
              <div
                className="col-sm-10 name-column"
              >
                Eric Nyokabi
              </div>
              <div
                className="col-sm-10 initials"
              >
                EN
              </div>
            </div>
          </td>
          <td
            data-th=" Price"
          >
            erick.nyokabi@andela.com
          </td>
          <td
            className=""
          >
            -
          </td>
          <td
            className=""
          >
            -
          </td>
          <td
            data-th=""
          >
            <div
              className="status-color"
            >
              <small>
                <span
                  className="color inactive"
                />
                Inactive
              </small>
            </div>
          </td>
          <td
            className=""
          >
            KLA-8
          </td>
          <td
            className="text-center"
          >
            June 19, 2019
          </td>
          <td
            className="text-center"
          >
            -
          </td>
        </tr>
        <tr
          className="table-row"
          key="9"
        >
          <td
            data-th=""
          >
            <div
              className="row username-row"
            >
              <div
                className="col-sm-2 image-column"
              >
                <img
                  alt="..."
                  className="img-responsive"
                  src="https://lorempixel.com/100/100/people/?13109"
                />
              </div>
              <div
                className="col-sm-10 name-column"
              >
                Fred Adegoke
              </div>
              <div
                className="col-sm-10 initials"
              >
                FA
              </div>
            </div>
          </td>
          <td
            data-th=" Price"
          >
            fred.adegoke@andela.com
          </td>
          <td
            className=""
          >
            -
          </td>
          <td
            className=""
          >
            -
          </td>
          <td
            data-th=""
          >
            <div
              className="status-color"
            >
              <small>
                <span
                  className="color inactive"
                />
                Inactive
              </small>
            </div>
          </td>
          <td
            className=""
          >
            Lagos-1
          </td>
          <td
            className="text-center"
          >
            June 21, 2019
          </td>
          <td
            className="text-center"
          >
            -
          </td>
        </tr>
        <tr
          className="table-row"
          key="10"
        >
          <td
            data-th=""
          >
            <div
              className="row username-row"
            >
              <div
                className="col-sm-2 image-column"
              >
                <img
                  alt="..."
                  className="img-responsive"
                  src="https://lorempixel.com/100/100/people/?35451"
                />
              </div>
              <div
                className="col-sm-10 name-column"
              >
                Ibrahim Alausa
              </div>
              <div
                className="col-sm-10 initials"
              >
                IA
              </div>
            </div>
          </td>
          <td
            data-th=" Price"
          >
            ibrahim.alausa@andela.com
          </td>
          <td
            className=""
          >
            -
          </td>
          <td
            className=""
          >
            -
          </td>
          <td
            data-th=""
          >
            <div
              className="status-color"
            >
              <small>
                <span
                  className="color inactive"
                />
                Inactive
              </small>
            </div>
          </td>
          <td
            className=""
          >
            Lagos-2
          </td>
          <td
            className="text-center"
          >
            June 28, 2019
          </td>
          <td
            className="text-center"
          >
            -
          </td>
        </tr>
        <tr
          className="table-row"
          key="18"
        >
          <td
            data-th=""
          >
            <div
              className="row username-row"
            >
              <div
                className="col-sm-2 image-column"
              >
                <img
                  alt="..."
                  className="img-responsive"
                  src="https://lorempixel.com/100/100/people/?23475 "
                />
              </div>
              <div
                className="col-sm-10 name-column"
              >
                Ivan Rutale
              </div>
              <div
                className="col-sm-10 initials"
              >
                IR
              </div>
            </div>
          </td>
          <td
            data-th=" Price"
          >
            ivan.rutale@andela.com
          </td>
          <td
            className=""
          >
            -
          </td>
          <td
            className=""
          >
            -
          </td>
          <td
            data-th=""
          >
            <div
              className="status-color"
            >
              <small>
                <span
                  className="color inactive"
                />
                Inactive
              </small>
            </div>
          </td>
          <td
            className=""
          >
            NBO-10
          </td>
          <td
            className="text-center"
          >
            June 4, 2019
          </td>
          <td
            className="text-center"
          >
            -
          </td>
        </tr>
        <tr
          className="table-row"
          key="11"
        >
          <td
            data-th=""
          >
            <div
              className="row username-row"
            >
              <div
                className="col-sm-2 image-column"
              >
                <img
                  alt="..."
                  className="img-responsive"
                  src="https://lorempixel.com/100/100/people/?39044"
                />
              </div>
              <div
                className="col-sm-10 name-column"
              >
                Lazarus Odhiambo
              </div>
              <div
                className="col-sm-10 initials"
              >
                LO
              </div>
            </div>
          </td>
          <td
            data-th=" Price"
          >
            lazarus.odhiambo@andela.com
          </td>
          <td
            className=""
          >
            -
          </td>
          <td
            className=""
          >
            -
          </td>
          <td
            data-th=""
          >
            <div
              className="status-color"
            >
              <small>
                <span
                  className="color inactive"
                />
                Inactive
              </small>
            </div>
          </td>
          <td
            className=""
          >
            Lagos-3
          </td>
          <td
            className="text-center"
          >
            June 27, 2019
          </td>
          <td
            className="text-center"
          >
            -
          </td>
        </tr>
        <tr
          className="table-row"
          key="16"
        >
          <td
            data-th=""
          >
            <div
              className="row username-row"
            >
              <div
                className="col-sm-2 image-column"
              >
                <img
                  alt="..."
                  className="img-responsive"
                  src="https://lorempixel.com/100/100/people/?35451"
                />
              </div>
              <div
                className="col-sm-10 name-column"
              >
                Lindsey Patra
              </div>
              <div
                className="col-sm-10 initials"
              >
                LP
              </div>
            </div>
          </td>
          <td
            data-th=" Price"
          >
            lindsey.patra@andela.com
          </td>
          <td
            className=""
          >
            -
          </td>
          <td
            className=""
          >
            -
          </td>
          <td
            data-th=""
          >
            <div
              className="status-color"
            >
              <small>
                <span
                  className="color inactive"
                />
                Inactive
              </small>
            </div>
          </td>
          <td
            className=""
          >
            Lagos-8
          </td>
          <td
            className="text-center"
          >
            June 18, 2019
          </td>
          <td
            className="text-center"
          >
            -
          </td>
        </tr>
        <tr
          className="table-row"
          key="19"
        >
          <td
            data-th=""
          >
            <div
              className="row username-row"
            >
              <div
                className="col-sm-2 image-column"
              >
                <img
                  alt="..."
                  className="img-responsive"
                  src="https://lorempixel.com/100/100/people/?23475 "
                />
              </div>
              <div
                className="col-sm-10 name-column"
              >
                Morris Njuguna
              </div>
              <div
                className="col-sm-10 initials"
              >
                MN
              </div>
            </div>
          </td>
          <td
            data-th=" Price"
          >
            morris.njuguna@andela.com
          </td>
          <td
            className=""
          >
            -
          </td>
          <td
            className=""
          >
            -
          </td>
          <td
            data-th=""
          >
            <div
              className="status-color"
            >
              <small>
                <span
                  className="color inactive"
                />
                Inactive
              </small>
            </div>
          </td>
          <td
            className=""
          >
            NBO-11
          </td>
          <td
            className="text-center"
          >
            June 4, 2019
          </td>
          <td
            className="text-center"
          >
            -
          </td>
        </tr>
        <tr
          className="table-row"
          key="12"
        >
          <td
            data-th=""
          >
            <div
              className="row username-row"
            >
              <div
                className="col-sm-2 image-column"
              >
                <img
                  alt="..."
                  className="img-responsive"
                  src="https://lorempixel.com/100/100/people/?13109"
                />
              </div>
              <div
                className="col-sm-10 name-column"
              >
                Oluseyi Anani
              </div>
              <div
                className="col-sm-10 initials"
              >
                OA
              </div>
            </div>
          </td>
          <td
            data-th=" Price"
          >
            oluseyi.anani@andela.com
          </td>
          <td
            className=""
          >
            -
          </td>
          <td
            className=""
          >
            -
          </td>
          <td
            data-th=""
          >
            <div
              className="status-color"
            >
              <small>
                <span
                  className="color inactive"
                />
                Inactive
              </small>
            </div>
          </td>
          <td
            className=""
          >
            Lagos-4
          </td>
          <td
            className="text-center"
          >
            June 23, 2019
          </td>
          <td
            className="text-center"
          >
            -
          </td>
        </tr>
        <tr
          className="table-row"
          key="13"
        >
          <td
            data-th=""
          >
            <div
              className="row username-row"
            >
              <div
                className="col-sm-2 image-column"
              >
                <img
                  alt="..."
                  className="img-responsive"
                  src="https://lorempixel.com/100/100/people/?43935"
                />
              </div>
              <div
                className="col-sm-10 name-column"
              >
                Paul Gichuki
              </div>
              <div
                className="col-sm-10 initials"
              >
                PG
              </div>
            </div>
          </td>
          <td
            data-th=" Price"
          >
            paul.gichuki@andela.com
          </td>
          <td
            className=""
          >
            -
          </td>
          <td
            className=""
          >
            -
          </td>
          <td
            data-th=""
          >
            <div
              className="status-color"
            >
              <small>
                <span
                  className="color inactive"
                />
                Inactive
              </small>
            </div>
          </td>
          <td
            className=""
          >
            Lagos-5
          </td>
          <td
            className="text-center"
          >
            June 22, 2019
          </td>
          <td
            className="text-center"
          >
            -
          </td>
        </tr>
        <tr
          className="table-row"
          key="6"
        >
          <td
            data-th=""
          >
            <div
              className="row username-row"
            >
              <div
                className="col-sm-2 image-column"
              >
                <img
                  alt="..."
                  className="img-responsive"
                  src="https://lorempixel.com/100/100/people/?23475"
                />
              </div>
              <div
                className="col-sm-10 name-column"
              >
                Peace Oyedeji
              </div>
              <div
                className="col-sm-10 initials"
              >
                PO
              </div>
            </div>
          </td>
          <td
            data-th=" Price"
          >
            peace.oyedeji@andela.com
          </td>
          <td
            className=""
          >
            -
          </td>
          <td
            className=""
          >
            -
          </td>
          <td
            data-th=""
          >
            <div
              className="status-color"
            >
              <small>
                <span
                  className="color inactive"
                />
                Inactive
              </small>
            </div>
          </td>
          <td
            className=""
          >
            KLA-6
          </td>
          <td
            className="text-center"
          >
            June 16, 2019
          </td>
          <td
            className="text-center"
          >
            -
          </td>
        </tr>
        <tr
          className="table-row"
          key="2"
        >
          <td
            data-th=""
          >
            <div
              className="row username-row"
            >
              <div
                className="col-sm-2 image-column"
              >
                <img
                  alt="..."
                  className="img-responsive"
                  src="https://lorempixel.com/100/100/people/?13109"
                />
              </div>
              <div
                className="col-sm-10 name-column"
              >
                Ronald Mutebi
              </div>
              <div
                className="col-sm-10 initials"
              >
                RM
              </div>
            </div>
          </td>
          <td
            data-th=" Price"
          >
            ronald.mutebi@andela.com
          </td>
          <td
            className=""
          />
          <td
            className=""
          >
            -
          </td>
          <td
            data-th=""
          >
            <div
              className="status-color"
            >
              <small>
                <span
                  className="color inactive"
                />
                Inactive
              </small>
            </div>
          </td>
          <td
            className=""
          >
            KLA-2
          </td>
          <td
            className="text-center"
          >
            June 20, 2019
          </td>
          <td
            className="text-center"
          >
            -
          </td>
        </tr>
        <tr
          className="table-row"
          key="14"
        >
          <td
            data-th=""
          >
            <div
              className="row username-row"
            >
              <div
                className="col-sm-2 image-column"
              >
                <img
                  alt="..."
                  className="img-responsive"
                  src="https://lorempixel.com/100/100/people/?13109"
                />
              </div>
              <div
                className="col-sm-10 name-column"
              >
                Steven Otieno
              </div>
              <div
                className="col-sm-10 initials"
              >
                SO
              </div>
            </div>
          </td>
          <td
            data-th=" Price"
          >
            steven.otieno@andela.com
          </td>
          <td
            className=""
          >
            -
          </td>
          <td
            className=""
          >
            -
          </td>
          <td
            data-th=""
          >
            <div
              className="status-color"
            >
              <small>
                <span
                  className="color inactive"
                />
                Inactive
              </small>
            </div>
          </td>
          <td
            className=""
          >
            Lagos-6
          </td>
          <td
            className="text-center"
          >
            June 25, 2019
          </td>
          <td
            className="text-center"
          >
            -
          </td>
        </tr>
        <tr
          className="table-row"
          key="20"
        >
          <td
            data-th=""
          >
            <div
              className="row username-row"
            >
              <div
                className="col-sm-2 image-column"
              >
                <img
                  alt="..."
                  className="img-responsive"
                  src="https://lorempixel.com/100/100/people/?23475"
                />
              </div>
              <div
                className="col-sm-10 name-column"
              >
                Vincent  Odhiambo
              </div>
              <div
                className="col-sm-10 initials"
              >
                V 
              </div>
            </div>
          </td>
          <td
            data-th=" Price"
          >
            vincent. odhiambo@andela.com
          </td>
          <td
            className=""
          >
            -
          </td>
          <td
            className=""
          >
            -
          </td>
          <td
            data-th=""
          >
            <div
              className="status-color"
            >
              <small>
                <span
                  className="color inactive"
                />
                Inactive
              </small>
            </div>
          </td>
          <td
            className=""
          >
            NBO-12
          </td>
          <td
            className="text-center"
          >
            June 5, 2019
          </td>
          <td
            className="text-center"
          >
            -
          </td>
        </tr>
        <tr
          className="table-row"
          key="15"
        >
          <td
            data-th=""
          >
            <div
              className="row username-row"
            >
              <div
                className="col-sm-2 image-column"
              >
                <img
                  alt="..."
                  className="img-responsive"
                  src="https://lorempixel.com/100/100/people/?23475"
                />
              </div>
              <div
                className="col-sm-10 name-column"
              >
                Wasibani Roy
              </div>
              <div
                className="col-sm-10 initials"
              >
                WR
              </div>
            </div>
          </td>
          <td
            data-th=" Price"
          >
            roy.wasibani@andela.com
          </td>
          <td
            className=""
          >
            -
          </td>
          <td
            className=""
          >
            -
          </td>
          <td
            data-th=""
          >
            <div
              className="status-color"
            >
              <small>
                <span
                  className="color inactive"
                />
                Inactive
              </small>
            </div>
          </td>
          <td
            className=""
          >
            Lagos-7
          </td>
          <td
            className="text-center"
          >
            June 17, 2019
          </td>
          <td
            className="text-center"
          >
            -
          </td>
        </tr>
      </tbody>
    </table>
  </div>
</Fragment>
`;
