// Jest Snapshot v1, https://goo.gl/fbAQLP

exports[`Add Vacancy Modal renders correctly 1`] = `
<GenericModal
  footer={
    <div
      className="modal-footer"
    >
      <CadreMainButton
        buttonProps={
          Object {
            "onClick": [Function],
          }
        }
        label="CREATE"
      />
    </div>
  }
  handleClose={[Function]}
  handleSubmit={[Function]}
  id="addProjectVacanciesModal"
  submitLoading={false}
  success={false}
  successMessage="New project vacancies have been created!"
  title="Create Vacancies"
>
  <DropdownInput
    className="wt-dropdown"
    comment=""
    componentStateKey="inputs"
    defaultStatus={0}
    dropDownFor=""
    enableSearch={true}
    extras={null}
    inputValue={Array []}
    label="Select Project"
    loading={false}
    multipleSelection={false}
    name="project"
    options={
      Array [
        Object {
          "id": 1,
          "label": "WatchTower",
          "name": "WatchTower",
        },
      ]
    }
    parent={
      AddVacanciesModal {
        "context": Object {},
        "handleClick": [Function],
        "handleClose": [Function],
        "props": Object {
          "allProjectRoles": Object {
            "data": Array [
              Object {
                "id": 1,
                "name": "Scrum Master",
              },
            ],
          },
          "allProjects": Object {
            "data": Array [
              Object {
                "id": 1,
                "name": "WatchTower",
              },
            ],
            "error": null,
            "loading": false,
          },
          "createNewProjectVacancies": [MockFunction],
          "createProjectVacancies": Object {
            "data": Object {},
            "error": null,
            "loading": false,
          },
          "fetchAllProjects": [MockFunction],
          "fetchAllRoles": [MockFunction],
        },
        "refs": Object {},
        "renderButton": [Function],
        "renderDropdown": [Function],
        "renderFooter": [Function],
        "renderModalBody": [Function],
        "setState": [Function],
        "state": Object {
          "inputs": Object {},
          "success": false,
        },
        "updateSubmitState": [Function],
        "updater": Updater {
          "_callbacks": Array [],
          "_renderer": ReactShallowRenderer {
            "_context": Object {},
            "_didScheduleRenderPhaseUpdate": false,
            "_dispatcher": Object {
              "readContext": [Function],
              "useCallback": [Function],
              "useContext": [Function],
              "useDebugValue": [Function],
              "useEffect": [Function],
              "useImperativeHandle": [Function],
              "useLayoutEffect": [Function],
              "useMemo": [Function],
              "useReducer": [Function],
              "useRef": [Function],
              "useState": [Function],
            },
            "_element": <AddVacanciesModal
              allProjectRoles={
                Object {
                  "data": Array [
                    Object {
                      "id": 1,
                      "name": "Scrum Master",
                    },
                  ],
                }
              }
              allProjects={
                Object {
                  "data": Array [
                    Object {
                      "id": 1,
                      "name": "WatchTower",
                    },
                  ],
                  "error": null,
                  "loading": false,
                }
              }
              createNewProjectVacancies={[MockFunction]}
              createProjectVacancies={
                Object {
                  "data": Object {},
                  "error": null,
                  "loading": false,
                }
              }
              fetchAllProjects={[MockFunction]}
              fetchAllRoles={[MockFunction]}
            />,
            "_firstWorkInProgressHook": null,
            "_forcedUpdate": false,
            "_instance": [Circular],
            "_isReRender": false,
            "_newState": null,
            "_numberOfReRenders": 0,
            "_renderPhaseUpdates": null,
            "_rendered": <GenericModal
              footer={
                <div
                  className="modal-footer"
                >
                  <CadreMainButton
                    buttonProps={
                      Object {
                        "onClick": [Function],
                      }
                    }
                    label="CREATE"
                  />
                </div>
              }
              handleClose={[Function]}
              handleSubmit={[Function]}
              id="addProjectVacanciesModal"
              submitLoading={false}
              success={false}
              successMessage="New project vacancies have been created!"
              title="Create Vacancies"
            >
              <React.Fragment>
                <DropdownInput
                  className="wt-dropdown"
                  comment=""
                  componentStateKey="inputs"
                  defaultStatus={0}
                  dropDownFor=""
                  enableSearch={true}
                  extras={null}
                  inputValue={Array []}
                  label="Select Project"
                  loading={false}
                  multipleSelection={false}
                  name="project"
                  options={
                    Array [
                      Object {
                        "id": 1,
                        "label": "WatchTower",
                        "name": "WatchTower",
                      },
                    ]
                  }
                  parent={[Circular]}
                  placeholder="Select Project"
                />
                <DropdownInput
                  className="wt-dropdown"
                  comment=""
                  componentStateKey="inputs"
                  defaultStatus={0}
                  dropDownFor=""
                  enableSearch={false}
                  extras={null}
                  inputValue={Array []}
                  label="Select Role"
                  loading={false}
                  multipleSelection={false}
                  name="role"
                  options={
                    Array [
                      Object {
                        "id": 1,
                        "label": "Scrum Master",
                        "name": "Scrum Master",
                      },
                    ]
                  }
                  parent={[Circular]}
                  placeholder="Select Role"
                />
                <TextInput
                  alertText="Please input a valid number of slots!"
                  className="wt-text-input"
                  comment=""
                  componentStateKey="inputs"
                  defaultStatus={0}
                  inputValue=""
                  label="Vacancy Slots"
                  length={999}
                  name="slots"
                  parent={[Circular]}
                  placeholder=""
                  testInput={[Function]}
                  type="text"
                />
              </React.Fragment>
            </GenericModal>,
            "_rendering": false,
            "_updater": [Circular],
            "_workInProgressHook": null,
          },
        },
      }
    }
    placeholder="Select Project"
  />
  <DropdownInput
    className="wt-dropdown"
    comment=""
    componentStateKey="inputs"
    defaultStatus={0}
    dropDownFor=""
    enableSearch={false}
    extras={null}
    inputValue={Array []}
    label="Select Role"
    loading={false}
    multipleSelection={false}
    name="role"
    options={
      Array [
        Object {
          "id": 1,
          "label": "Scrum Master",
          "name": "Scrum Master",
        },
      ]
    }
    parent={
      AddVacanciesModal {
        "context": Object {},
        "handleClick": [Function],
        "handleClose": [Function],
        "props": Object {
          "allProjectRoles": Object {
            "data": Array [
              Object {
                "id": 1,
                "name": "Scrum Master",
              },
            ],
          },
          "allProjects": Object {
            "data": Array [
              Object {
                "id": 1,
                "name": "WatchTower",
              },
            ],
            "error": null,
            "loading": false,
          },
          "createNewProjectVacancies": [MockFunction],
          "createProjectVacancies": Object {
            "data": Object {},
            "error": null,
            "loading": false,
          },
          "fetchAllProjects": [MockFunction],
          "fetchAllRoles": [MockFunction],
        },
        "refs": Object {},
        "renderButton": [Function],
        "renderDropdown": [Function],
        "renderFooter": [Function],
        "renderModalBody": [Function],
        "setState": [Function],
        "state": Object {
          "inputs": Object {},
          "success": false,
        },
        "updateSubmitState": [Function],
        "updater": Updater {
          "_callbacks": Array [],
          "_renderer": ReactShallowRenderer {
            "_context": Object {},
            "_didScheduleRenderPhaseUpdate": false,
            "_dispatcher": Object {
              "readContext": [Function],
              "useCallback": [Function],
              "useContext": [Function],
              "useDebugValue": [Function],
              "useEffect": [Function],
              "useImperativeHandle": [Function],
              "useLayoutEffect": [Function],
              "useMemo": [Function],
              "useReducer": [Function],
              "useRef": [Function],
              "useState": [Function],
            },
            "_element": <AddVacanciesModal
              allProjectRoles={
                Object {
                  "data": Array [
                    Object {
                      "id": 1,
                      "name": "Scrum Master",
                    },
                  ],
                }
              }
              allProjects={
                Object {
                  "data": Array [
                    Object {
                      "id": 1,
                      "name": "WatchTower",
                    },
                  ],
                  "error": null,
                  "loading": false,
                }
              }
              createNewProjectVacancies={[MockFunction]}
              createProjectVacancies={
                Object {
                  "data": Object {},
                  "error": null,
                  "loading": false,
                }
              }
              fetchAllProjects={[MockFunction]}
              fetchAllRoles={[MockFunction]}
            />,
            "_firstWorkInProgressHook": null,
            "_forcedUpdate": false,
            "_instance": [Circular],
            "_isReRender": false,
            "_newState": null,
            "_numberOfReRenders": 0,
            "_renderPhaseUpdates": null,
            "_rendered": <GenericModal
              footer={
                <div
                  className="modal-footer"
                >
                  <CadreMainButton
                    buttonProps={
                      Object {
                        "onClick": [Function],
                      }
                    }
                    label="CREATE"
                  />
                </div>
              }
              handleClose={[Function]}
              handleSubmit={[Function]}
              id="addProjectVacanciesModal"
              submitLoading={false}
              success={false}
              successMessage="New project vacancies have been created!"
              title="Create Vacancies"
            >
              <React.Fragment>
                <DropdownInput
                  className="wt-dropdown"
                  comment=""
                  componentStateKey="inputs"
                  defaultStatus={0}
                  dropDownFor=""
                  enableSearch={true}
                  extras={null}
                  inputValue={Array []}
                  label="Select Project"
                  loading={false}
                  multipleSelection={false}
                  name="project"
                  options={
                    Array [
                      Object {
                        "id": 1,
                        "label": "WatchTower",
                        "name": "WatchTower",
                      },
                    ]
                  }
                  parent={[Circular]}
                  placeholder="Select Project"
                />
                <DropdownInput
                  className="wt-dropdown"
                  comment=""
                  componentStateKey="inputs"
                  defaultStatus={0}
                  dropDownFor=""
                  enableSearch={false}
                  extras={null}
                  inputValue={Array []}
                  label="Select Role"
                  loading={false}
                  multipleSelection={false}
                  name="role"
                  options={
                    Array [
                      Object {
                        "id": 1,
                        "label": "Scrum Master",
                        "name": "Scrum Master",
                      },
                    ]
                  }
                  parent={[Circular]}
                  placeholder="Select Role"
                />
                <TextInput
                  alertText="Please input a valid number of slots!"
                  className="wt-text-input"
                  comment=""
                  componentStateKey="inputs"
                  defaultStatus={0}
                  inputValue=""
                  label="Vacancy Slots"
                  length={999}
                  name="slots"
                  parent={[Circular]}
                  placeholder=""
                  testInput={[Function]}
                  type="text"
                />
              </React.Fragment>
            </GenericModal>,
            "_rendering": false,
            "_updater": [Circular],
            "_workInProgressHook": null,
          },
        },
      }
    }
    placeholder="Select Role"
  />
  <TextInput
    alertText="Please input a valid number of slots!"
    className="wt-text-input"
    comment=""
    componentStateKey="inputs"
    defaultStatus={0}
    inputValue=""
    label="Vacancy Slots"
    length={999}
    name="slots"
    parent={
      AddVacanciesModal {
        "context": Object {},
        "handleClick": [Function],
        "handleClose": [Function],
        "props": Object {
          "allProjectRoles": Object {
            "data": Array [
              Object {
                "id": 1,
                "name": "Scrum Master",
              },
            ],
          },
          "allProjects": Object {
            "data": Array [
              Object {
                "id": 1,
                "name": "WatchTower",
              },
            ],
            "error": null,
            "loading": false,
          },
          "createNewProjectVacancies": [MockFunction],
          "createProjectVacancies": Object {
            "data": Object {},
            "error": null,
            "loading": false,
          },
          "fetchAllProjects": [MockFunction],
          "fetchAllRoles": [MockFunction],
        },
        "refs": Object {},
        "renderButton": [Function],
        "renderDropdown": [Function],
        "renderFooter": [Function],
        "renderModalBody": [Function],
        "setState": [Function],
        "state": Object {
          "inputs": Object {},
          "success": false,
        },
        "updateSubmitState": [Function],
        "updater": Updater {
          "_callbacks": Array [],
          "_renderer": ReactShallowRenderer {
            "_context": Object {},
            "_didScheduleRenderPhaseUpdate": false,
            "_dispatcher": Object {
              "readContext": [Function],
              "useCallback": [Function],
              "useContext": [Function],
              "useDebugValue": [Function],
              "useEffect": [Function],
              "useImperativeHandle": [Function],
              "useLayoutEffect": [Function],
              "useMemo": [Function],
              "useReducer": [Function],
              "useRef": [Function],
              "useState": [Function],
            },
            "_element": <AddVacanciesModal
              allProjectRoles={
                Object {
                  "data": Array [
                    Object {
                      "id": 1,
                      "name": "Scrum Master",
                    },
                  ],
                }
              }
              allProjects={
                Object {
                  "data": Array [
                    Object {
                      "id": 1,
                      "name": "WatchTower",
                    },
                  ],
                  "error": null,
                  "loading": false,
                }
              }
              createNewProjectVacancies={[MockFunction]}
              createProjectVacancies={
                Object {
                  "data": Object {},
                  "error": null,
                  "loading": false,
                }
              }
              fetchAllProjects={[MockFunction]}
              fetchAllRoles={[MockFunction]}
            />,
            "_firstWorkInProgressHook": null,
            "_forcedUpdate": false,
            "_instance": [Circular],
            "_isReRender": false,
            "_newState": null,
            "_numberOfReRenders": 0,
            "_renderPhaseUpdates": null,
            "_rendered": <GenericModal
              footer={
                <div
                  className="modal-footer"
                >
                  <CadreMainButton
                    buttonProps={
                      Object {
                        "onClick": [Function],
                      }
                    }
                    label="CREATE"
                  />
                </div>
              }
              handleClose={[Function]}
              handleSubmit={[Function]}
              id="addProjectVacanciesModal"
              submitLoading={false}
              success={false}
              successMessage="New project vacancies have been created!"
              title="Create Vacancies"
            >
              <React.Fragment>
                <DropdownInput
                  className="wt-dropdown"
                  comment=""
                  componentStateKey="inputs"
                  defaultStatus={0}
                  dropDownFor=""
                  enableSearch={true}
                  extras={null}
                  inputValue={Array []}
                  label="Select Project"
                  loading={false}
                  multipleSelection={false}
                  name="project"
                  options={
                    Array [
                      Object {
                        "id": 1,
                        "label": "WatchTower",
                        "name": "WatchTower",
                      },
                    ]
                  }
                  parent={[Circular]}
                  placeholder="Select Project"
                />
                <DropdownInput
                  className="wt-dropdown"
                  comment=""
                  componentStateKey="inputs"
                  defaultStatus={0}
                  dropDownFor=""
                  enableSearch={false}
                  extras={null}
                  inputValue={Array []}
                  label="Select Role"
                  loading={false}
                  multipleSelection={false}
                  name="role"
                  options={
                    Array [
                      Object {
                        "id": 1,
                        "label": "Scrum Master",
                        "name": "Scrum Master",
                      },
                    ]
                  }
                  parent={[Circular]}
                  placeholder="Select Role"
                />
                <TextInput
                  alertText="Please input a valid number of slots!"
                  className="wt-text-input"
                  comment=""
                  componentStateKey="inputs"
                  defaultStatus={0}
                  inputValue=""
                  label="Vacancy Slots"
                  length={999}
                  name="slots"
                  parent={[Circular]}
                  placeholder=""
                  testInput={[Function]}
                  type="text"
                />
              </React.Fragment>
            </GenericModal>,
            "_rendering": false,
            "_updater": [Circular],
            "_workInProgressHook": null,
          },
        },
      }
    }
    placeholder=""
    testInput={[Function]}
    type="text"
  />
</GenericModal>
`;
