// Jest Snapshot v1, https://goo.gl/fbAQLP

exports[`Test fellowsSummaryCard snapshots fellowSummaryCard should render properly 1`] = `
<Slider
  className="contain"
  infinite={false}
  nextArrow={
    <NavArrow
      buttonClass="slick-next"
      handleChartClose="contain slider"
      iconClass="fa-angle-right"
      onClick={[Function]}
      perPage={4}
    />
  }
  prevArrow={
    <NavArrow
      buttonClass="slick-prev"
      handleChartClose="contain slider"
      iconClass="fa-angle-left"
      onClick={[Function]}
      perPage={4}
    />
  }
  responsive={
    Array [
      Object {
        "breakpoint": 1000,
        "settings": Object {
          "slidesToScroll": 2,
          "slidesToShow": 2,
        },
      },
      Object {
        "breakpoint": 700,
        "settings": Object {
          "slidesToScroll": 1,
          "slidesToShow": 1,
        },
      },
    ]
  }
  rows={1}
  slidesToScroll={4}
  slidesToShow={4}
  swipeToSlide={true}
>
  <LfTtlSummaryCard
    fellowsCount={6}
    filterFellows={[MockFunction]}
    id="main"
    key="main"
    lfTtlCheckId={21}
    loading={false}
    name=""
    picture=""
    styles={
      Object {
        "nameAvatarDisplayStyle": "d-none",
        "titleDisplayStyle": "",
      }
    }
    title="All TTLs"
  />
  <LfTtlSummaryCard
    fellowsCount={0}
    filterFellows={[MockFunction]}
    id="2"
    key="2"
    lfTtlCheckId={21}
    loading={false}
    name="Kesiena Akpobome"
    picture=""
    styles={
      Object {
        "nameAvatarDisplayStyle": "",
        "titleDisplayStyle": "d-none",
      }
    }
    title=""
  />
  <LfTtlSummaryCard
    fellowsCount={0}
    filterFellows={[MockFunction]}
    id="6"
    key="6"
    lfTtlCheckId={21}
    loading={false}
    name="Olaoluwa Faniyi"
    picture=""
    styles={
      Object {
        "nameAvatarDisplayStyle": "",
        "titleDisplayStyle": "d-none",
      }
    }
    title=""
  />
  <LfTtlSummaryCard
    fellowsCount={0}
    filterFellows={[MockFunction]}
    id="7"
    key="7"
    lfTtlCheckId={21}
    loading={false}
    name="Olaolu Akinsete"
    picture=""
    styles={
      Object {
        "nameAvatarDisplayStyle": "",
        "titleDisplayStyle": "d-none",
      }
    }
    title=""
  />
  <LfTtlSummaryCard
    fellowsCount={0}
    filterFellows={[MockFunction]}
    id="10"
    key="10"
    lfTtlCheckId={21}
    loading={false}
    name="Samuel Kubai"
    picture=""
    styles={
      Object {
        "nameAvatarDisplayStyle": "",
        "titleDisplayStyle": "d-none",
      }
    }
    title=""
  />
  <LfTtlSummaryCard
    fellowsCount={6}
    filterFellows={[MockFunction]}
    id="11"
    key="11"
    lfTtlCheckId={21}
    loading={false}
    name="Trust  Birungi"
    picture=""
    styles={
      Object {
        "nameAvatarDisplayStyle": "",
        "titleDisplayStyle": "d-none",
      }
    }
    title=""
  />
</Slider>
`;
