// Jest Snapshot v1, https://goo.gl/fbAQLP

exports[`Test the certification page should render the loader when getCertification loading is true 1`] = `null`;

exports[`Test the certification page should render without errors 1`] = `
<Fragment>
  <div
    className="certification-page role-details-container"
  >
    <div
      className="container"
    >
      <div
        className="row mt-5 mb-4 "
      >
        <div
          className="col-md-12 back-to-container cursor-pointer cert-back"
        >
          <div
            id="nav"
            onClick={[Function]}
            onKeyDown={null}
            role="button"
            tabIndex="-1"
          >
            <button
              className="wt-return-button mr-0"
              type="button"
            >
              <img
                alt="back icon"
                className="back-icon"
                src="BackIcon.png"
              />
            </button>
            <span
              className="ml-3 back-icon-text ml-0"
            >
              Back to Dashboard
            </span>
          </div>
        </div>
      </div>
      <CertificationDetailsLeft
        certificationInfo={
          Object {
            "description": "Test",
            "id": 1,
            "name": "Testing",
          }
        }
        vacancyInfo={
          Object {
            "certification": Object {
              "id": 1,
              "name": "certification",
            },
            "vacancy_details": Object {
              "cycle_id": 1,
              "hasApplied": true,
              "projects_certification_id": 1,
            },
          }
        }
      />
      <CertificationDetailsRight
        applyForCertification={[MockFunction]}
        certificationInfo={
          Object {
            "description": "Test",
            "id": 1,
            "name": "Testing",
          }
        }
        loading={false}
        vacancyInfo={
          Object {
            "certification": Object {
              "id": 1,
              "name": "certification",
            },
            "vacancy_details": Object {
              "cycle_id": 1,
              "hasApplied": true,
              "projects_certification_id": 1,
            },
          }
        }
      />
    </div>
  </div>
</Fragment>
`;
