// Jest Snapshot v1, https://goo.gl/fbAQLP

exports[`Fellow History Card renders to match shapshot 1`] = `
<div
  className="fellow-history-card"
>
  <div
    className="fellow-history-card__image"
  >
    <img
      alt="Kingsley Obot profile pic"
      src="profile.svg"
    />
  </div>
  <div
    className="fellow-history-card__right"
  >
    <div
      className="fellow-history-card__name"
    >
      Kingsley Obot
    </div>
    <div
      className="fellow-history-card__detail"
    >
      Watch Tower
    </div>
  </div>
</div>
`;
