// Jest Snapshot v1, https://goo.gl/fbAQLP

exports[`PipActivationForm component should render correctly 1`] = `
<PipActivation
  addManagementSupport={[Function]}
  communication={
    Object {
      "attribute": "communication",
      "isUpdated": false,
      "score": "",
    }
  }
  department="TDD"
  endDate="01 Feb 2019"
  fellowName="Genesis Kohler"
  handleChange={[Function]}
  handleDateChange={[Function]}
  handleMgtInputChange={[Function]}
  handlePipPeriod={[Function]}
  handleSubmit={[Function]}
  initiative={
    Object {
      "attribute": "initiative",
      "isUpdated": false,
      "score": "",
    }
  }
  integration={
    Object {
      "attribute": "integration",
      "isUpdated": false,
      "score": "",
    }
  }
  managementSupport={Object {}}
  message=""
  mgtSupportFieldCount={1}
  pipPeriod={2}
  professionalism={
    Object {
      "attribute": "professionalism",
      "isUpdated": false,
      "score": "",
    }
  }
  quality={
    Object {
      "attribute": "quality",
      "isUpdated": false,
      "score": "",
    }
  }
  quantity={
    Object {
      "attribute": "quantity",
      "isUpdated": false,
      "score": "",
    }
  }
  ratings={
    Object {
      "communication": "0.00",
      "initiative": "0.33",
      "integration": "0.00",
      "professionalism": "0.00",
      "quality": "0.1",
      "quantity": "0.41",
    }
  }
  score=""
  startDate={2019-01-01T16:00:00.000Z}
  status="offTrack"
/>
`;
