// Jest Snapshot v1, https://goo.gl/fbAQLP

exports[`Test Roles Card component should render roles card correctly 1`] = `
<Fragment>
  <div
    className="fellow-role-card"
  >
    <div
      className="fellow-role-card-top"
    >
      <div
        className="fellow-role-card-top__image"
      >
        <img
          alt=""
          src=""
        />
      </div>
      <div
        className="fellow-role-cord-top__eng-name"
      >
         
      </div>
    </div>
    <div
      className="fellow-role-card-bottom"
    >
      <div
        className="fellow-details"
      >
        <div
          className="cohort-details"
        >
          <p>
            Cohort
          </p>
          <p>
            Lagos-1
          </p>
        </div>
        <div
          className="role-details"
        >
          <p>
            Role End Date
          </p>
          <p>
            NULL
          </p>
        </div>
      </div>
      <div
        className="fellow-stacks"
      >
        <div
          className="fellow-stacks__pills"
          key="react"
        >
          react
        </div>
        <div
          className="fellow-stacks__pills"
          key="redux"
        >
          redux
        </div>
      </div>
    </div>
  </div>
</Fragment>
`;
