// Jest Snapshot v1, https://goo.gl/fbAQLP

exports[`renders to match snapshot 1`] = `
<div
  className="pulse-chart-container"
>
  <div
    className="pulse-chart__title"
  >
    DEVPULSE
  </div>
  <div
    className="pulse-chart"
  >
    <Chart
      averageRatings={
        Object {
          "communication": "1.23",
          "initiative": "1.05",
          "integration": "1.23",
          "professionalism": "1.17",
          "quality": "1.11",
          "quantity": "1.17",
        }
      }
      data={
        Array [
          Object {
            "communication": 2,
            "initiative": 1,
            "integration": 2,
            "professionalism": 1,
            "quality": 2,
            "quantity": 2,
            "week": "2018-11-18",
          },
          Object {
            "communication": 2,
            "initiative": 1,
            "integration": 2,
            "professionalism": 1,
            "quality": 2,
            "quantity": 2,
            "week": "2018-11-18",
          },
          Object {
            "communication": 1,
            "initiative": 1,
            "integration": 2,
            "professionalism": 1,
            "quality": 1,
            "quantity": 2,
            "week": "2018-11-26",
          },
          Object {
            "communication": 1,
            "initiative": 1,
            "integration": 2,
            "professionalism": 1,
            "quality": 1,
            "quantity": 2,
            "week": "2018-11-26",
          },
        ]
      }
    />
  </div>
</div>
`;

exports[`should map state to props 1`] = `
Object {
  "fellow": Object {
    "error": "",
    "fellow": Object {},
    "loading": false,
  },
}
`;
